
Note: Compatibility modes selected: hs a


Circuit: * diff-receiver-sensitivity @ ff_-40c_3.63v -- generated by sim/harness, do not edit

Doing analysis at TEMP = -40.000000 and TNOM = 27.000000

Using SPARSE 1.3 as Direct Linear Solver
 Reference value : -3.79000e-01
 Reference value : -1.32000e-01
 Reference value :  6.50000e-02
 Reference value :  3.35000e-01
No. of Data Rows : 1001
rxd1_hi             =  3.63000e+00
rxd1_lo             =  1.25801e-09
rxd2_hi             =  3.63000e+00
rxd2_lo             =  1.07310e-09
rxd3_hi             =  3.63000e+00
rxd3_lo             =  1.34454e-01
m_vth_cm080_mv = -6.700000000e+01
m_vth_cm165_mv = -7.700000000e+01
m_vth_cm250_mv = -1.330000000e+02
m_hi_cm080 = 1.0000000000e+00
m_lo_cm080 = 3.4656005510e-10
m_hi_cm165 = 1.0000000000e+00
m_lo_cm165 = 2.9561928375e-10
m_hi_cm250 = 1.0000000000e+00
m_lo_cm250 = 3.7039614325e-02
Note: Simulation executed from .control section 

Warning: m=xx on .subckt line will override multiplier m hierarchy!

