
Note: Compatibility modes selected: hs a


Circuit: * diff-receiver-sensitivity @ ff_-40c_3.30v -- generated by sim/harness, do not edit

Doing analysis at TEMP = -40.000000 and TNOM = 27.000000

Using SPARSE 1.3 as Direct Linear Solver
 Reference value : -4.11000e-01
 Reference value : -1.87000e-01
 Reference value :  2.20000e-02
 Reference value :  3.14000e-01
No. of Data Rows : 1001
rxd1_hi             =  3.30000e+00
rxd1_lo             =  7.56061e-10
rxd2_hi             =  3.30000e+00
rxd2_lo             =  6.92897e-10
rxd3_hi             =  3.30000e+00
rxd3_lo             =  3.29862e+00
m_vth_cm080_mv = -5.900000000e+01
m_vth_cm165_mv = -6.800000000e+01
m_vth_cm250_mv = -4.340000000e+02
m_hi_cm080 = 1.0000000000e+00
m_lo_cm080 = 2.2910924242e-10
m_hi_cm165 = 1.0000000000e+00
m_lo_cm165 = 2.0996869697e-10
m_hi_cm250 = 1.0000000000e+00
m_lo_cm250 = 9.9958333333e-01
Note: Simulation executed from .control section 

Warning: m=xx on .subckt line will override multiplier m hierarchy!

Note: Starting dynamic gmin stepping
Note: Dynamic gmin stepping completed
