
Note: Compatibility modes selected: hs a


Circuit: * diff-receiver-sensitivity @ ff_125c_2.97v -- generated by sim/harness, do not edit

Doing analysis at TEMP = 125.000000 and TNOM = 27.000000

Using SPARSE 1.3 as Direct Linear Solver
 Reference value : -4.21000e-01
 Reference value : -2.09000e-01
 Reference value :  1.00000e-02
 Reference value :  3.02000e-01
No. of Data Rows : 1001
rxd1_hi             =  2.97000e+00
rxd1_lo             =  3.42081e-07
rxd2_hi             =  2.97000e+00
rxd2_lo             =  1.39061e-04
rxd3_hi             =  2.97000e+00
rxd3_lo             =  2.96970e+00
m_vth_cm080_mv = -6.200000000e+01
m_vth_cm165_mv = -7.100000000e+01
m_vth_cm250_mv = -5.000000000e+02
m_hi_cm080 = 9.9999831650e-01
m_lo_cm080 = 1.1517888889e-07
m_hi_cm165 = 9.9999831650e-01
m_lo_cm165 = 4.6821986532e-05
m_hi_cm250 = 9.9999831650e-01
m_lo_cm250 = 9.9990000000e-01
Note: Simulation executed from .control section 

Warning: m=xx on .subckt line will override multiplier m hierarchy!

