
Note: Compatibility modes selected: hs a


Circuit: * diff-receiver-sensitivity @ ff_125c_3.30v -- generated by sim/harness, do not edit

Doing analysis at TEMP = 125.000000 and TNOM = 27.000000

Using SPARSE 1.3 as Direct Linear Solver
 Reference value : -4.11000e-01
 Reference value : -1.88000e-01
 Reference value :  4.50000e-02
 Reference value :  3.33000e-01
No. of Data Rows : 1001
rxd1_hi             =  3.29999e+00
rxd1_lo             =  3.76079e-07
rxd2_hi             =  3.29999e+00
rxd2_lo             =  8.39335e-05
rxd3_hi             =  3.29999e+00
rxd3_lo             =  3.29002e+00
m_vth_cm080_mv = -7.100000000e+01
m_vth_cm165_mv = -8.000000000e+01
m_vth_cm250_mv = -5.000000000e+02
m_hi_cm080 = 9.9999848485e-01
m_lo_cm080 = 1.1396345455e-07
m_hi_cm165 = 9.9999848485e-01
m_lo_cm165 = 2.5434390909e-05
m_hi_cm250 = 9.9999848485e-01
m_lo_cm250 = 9.9697454545e-01
Note: Simulation executed from .control section 

Warning: m=xx on .subckt line will override multiplier m hierarchy!

Note: Starting dynamic gmin stepping
Note: Dynamic gmin stepping completed
Note: Starting dynamic gmin stepping
Note: Dynamic gmin stepping completed
