
Note: Compatibility modes selected: hs a


Circuit: * diff-receiver-sensitivity @ ff_27c_3.63v -- generated by sim/harness, do not edit

Doing analysis at TEMP = 27.000000 and TNOM = 27.000000

Using SPARSE 1.3 as Direct Linear Solver
 Reference value : -4.05000e-01
 Reference value : -1.36000e-01
 Reference value :  8.00000e-02
 Reference value :  3.31000e-01
No. of Data Rows : 1001
rxd1_hi             =  3.63000e+00
rxd1_lo             =  2.04356e-09
rxd2_hi             =  3.63000e+00
rxd2_lo             =  7.39421e-08
rxd3_hi             =  3.63000e+00
rxd3_lo             =  3.10686e+00
m_vth_cm080_mv = -7.200000000e+01
m_vth_cm165_mv = -8.200000000e+01
m_vth_cm250_mv = -2.330000000e+02
m_hi_cm080 = 1.0000000000e+00
m_lo_cm080 = 5.6296391185e-10
m_hi_cm165 = 1.0000000000e+00
m_lo_cm165 = 2.0369727273e-08
m_hi_cm250 = 1.0000000000e+00
m_lo_cm250 = 8.5588512397e-01
Note: Simulation executed from .control section 

Warning: m=xx on .subckt line will override multiplier m hierarchy!

