
Note: Compatibility modes selected: hs a


Circuit: * diff-receiver-sensitivity @ ff_27c_3.30v -- generated by sim/harness, do not edit

Doing analysis at TEMP = 27.000000 and TNOM = 27.000000

Using SPARSE 1.3 as Direct Linear Solver
 Reference value : -4.32000e-01
 Reference value : -1.61000e-01
 Reference value :  9.70000e-02
 Reference value :  3.92000e-01
No. of Data Rows : 1001
rxd1_hi             =  3.30000e+00
rxd1_lo             =  1.38395e-09
rxd2_hi             =  3.30000e+00
rxd2_lo             =  6.87078e-08
rxd3_hi             =  3.30000e+00
rxd3_lo             =  3.29721e+00
m_vth_cm080_mv = -6.300000000e+01
m_vth_cm165_mv = -7.300000000e+01
m_vth_cm250_mv = -5.000000000e+02
m_hi_cm080 = 1.0000000000e+00
m_lo_cm080 = 4.1937969697e-10
m_hi_cm165 = 1.0000000000e+00
m_lo_cm165 = 2.0820557576e-08
m_hi_cm250 = 1.0000000000e+00
m_lo_cm250 = 9.9915424242e-01
Note: Simulation executed from .control section 

Warning: m=xx on .subckt line will override multiplier m hierarchy!

