
Note: Compatibility modes selected: hs a


Circuit: * diff-receiver-sensitivity @ fs_-40c_3.30v -- generated by sim/harness, do not edit

Doing analysis at TEMP = -40.000000 and TNOM = 27.000000

Using SPARSE 1.3 as Direct Linear Solver
 Reference value : -4.45000e-01
 Reference value : -1.29000e-01
 Reference value :  2.27000e-01
No. of Data Rows : 1001
rxd1_hi             =  3.30000e+00
rxd1_lo             =  6.20572e-10
rxd2_hi             =  3.30000e+00
rxd2_lo             =  5.88680e-10
rxd3_hi             =  3.30000e+00
rxd3_lo             =  3.30000e+00
m_vth_cm080_mv = -5.100000000e+01
m_vth_cm165_mv = -6.000000000e+01
m_vth_cm250_mv = -5.000000000e+02
m_hi_cm080 = 1.0000000000e+00
m_lo_cm080 = 1.8805203030e-10
m_hi_cm165 = 1.0000000000e+00
m_lo_cm165 = 1.7838784848e-10
m_hi_cm250 = 1.0000000000e+00
m_lo_cm250 = 1.0000000000e+00
Note: Simulation executed from .control section 

Warning: m=xx on .subckt line will override multiplier m hierarchy!

