
Note: Compatibility modes selected: hs a


Circuit: * diff-receiver-sensitivity @ fs_125c_2.97v -- generated by sim/harness, do not edit

Doing analysis at TEMP = 125.000000 and TNOM = 27.000000

Using SPARSE 1.3 as Direct Linear Solver
 Reference value : -4.19000e-01
 Reference value : -2.53000e-01
 Reference value : -5.90000e-02
 Reference value :  1.77000e-01
 Reference value :  3.97000e-01
No. of Data Rows : 1001
rxd1_hi             =  2.97000e+00
rxd1_lo             =  5.62204e-09
rxd2_hi             =  2.97000e+00
rxd2_lo             =  5.37127e-06
rxd3_hi             =  2.97000e+00
rxd3_lo             =  2.96997e+00
m_vth_cm080_mv = -5.500000000e+01
m_vth_cm165_mv = -6.400000000e+01
m_vth_cm250_mv = -5.000000000e+02
m_hi_cm080 = 9.9999898990e-01
m_lo_cm080 = 1.8929424242e-09
m_hi_cm165 = 9.9999898990e-01
m_lo_cm165 = 1.8085077441e-06
m_hi_cm250 = 9.9999898990e-01
m_lo_cm250 = 9.9999090909e-01
Note: Simulation executed from .control section 

Warning: m=xx on .subckt line will override multiplier m hierarchy!

Note: Starting dynamic gmin stepping
Note: Dynamic gmin stepping completed
Note: Starting dynamic gmin stepping
Note: Dynamic gmin stepping completed
Note: Starting dynamic gmin stepping
Note: Dynamic gmin stepping completed
