
Note: Compatibility modes selected: hs a


Circuit: * diff-receiver-sensitivity @ fs_27c_3.63v -- generated by sim/harness, do not edit

Doing analysis at TEMP = 27.000000 and TNOM = 27.000000

Using SPARSE 1.3 as Direct Linear Solver
 Reference value : -4.48000e-01
 Reference value : -2.08000e-01
 Reference value :  5.90000e-02
 Reference value :  3.31000e-01
No. of Data Rows : 1001
rxd1_hi             =  3.63000e+00
rxd1_lo             =  1.06486e-09
rxd2_hi             =  3.63000e+00
rxd2_lo             =  1.13496e-09
rxd3_hi             =  3.63000e+00
rxd3_lo             =  3.62222e+00
m_vth_cm080_mv = -6.400000000e+01
m_vth_cm165_mv = -7.400000000e+01
m_vth_cm250_mv = -4.650000000e+02
m_hi_cm080 = 1.0000000000e+00
m_lo_cm080 = 2.9334986226e-10
m_hi_cm165 = 1.0000000000e+00
m_lo_cm165 = 3.1266115702e-10
m_hi_cm250 = 1.0000000000e+00
m_lo_cm250 = 9.9785619835e-01
Note: Simulation executed from .control section 

Warning: m=xx on .subckt line will override multiplier m hierarchy!

