
Note: Compatibility modes selected: hs a


Circuit: * diff-receiver-sensitivity @ sf_-40c_3.63v -- generated by sim/harness, do not edit

Doing analysis at TEMP = -40.000000 and TNOM = 27.000000

Using SPARSE 1.3 as Direct Linear Solver
 Reference value : -3.91000e-01
 Reference value : -1.51000e-01
 Reference value :  1.90000e-01
No. of Data Rows : 1001
rxd1_hi             =  3.63000e+00
rxd1_lo             =  1.20991e-09
rxd2_hi             =  3.63000e+00
rxd2_lo             =  1.19779e-09
rxd3_hi             =  3.63000e+00
rxd3_lo             =  2.14313e-08
m_vth_cm080_mv = -5.200000000e+01
m_vth_cm165_mv = -5.900000000e+01
m_vth_cm250_mv = -6.600000000e+01
m_hi_cm080 = 1.0000000000e+00
m_lo_cm080 = 3.3330991736e-10
m_hi_cm165 = 1.0000000000e+00
m_lo_cm165 = 3.2997024793e-10
m_hi_cm250 = 1.0000000000e+00
m_lo_cm250 = 5.9039476584e-09
Note: Simulation executed from .control section 

Warning: m=xx on .subckt line will override multiplier m hierarchy!

