
Note: Compatibility modes selected: hs a


Circuit: * diff-receiver-sensitivity @ sf_125c_3.63v -- generated by sim/harness, do not edit

Doing analysis at TEMP = 125.000000 and TNOM = 27.000000

Using SPARSE 1.3 as Direct Linear Solver
 Reference value : -4.32000e-01
 Reference value : -2.16000e-01
 Reference value :  1.30000e-02
 Reference value :  1.92000e-01
 Reference value :  4.85000e-01
No. of Data Rows : 1001
rxd1_hi             =  3.63000e+00
rxd1_lo             =  2.29601e-07
rxd2_hi             =  3.63000e+00
rxd2_lo             =  1.07113e-06
rxd3_hi             =  3.63000e+00
rxd3_lo             =  5.83227e-03
m_vth_cm080_mv = -6.300000000e+01
m_vth_cm165_mv = -6.900000000e+01
m_vth_cm250_mv = -7.900000000e+01
m_hi_cm080 = 1.0000000000e+00
m_lo_cm080 = 6.3251101928e-08
m_hi_cm165 = 1.0000000000e+00
m_lo_cm165 = 2.9507603306e-07
m_hi_cm250 = 1.0000000000e+00
m_lo_cm250 = 1.6066859504e-03
Note: Simulation executed from .control section 

Warning: m=xx on .subckt line will override multiplier m hierarchy!

