
Note: Compatibility modes selected: hs a


Circuit: * diff-receiver-sensitivity @ sf_27c_2.97v -- generated by sim/harness, do not edit

Doing analysis at TEMP = 27.000000 and TNOM = 27.000000

Using SPARSE 1.3 as Direct Linear Solver
 Reference value : -4.13000e-01
 Reference value : -1.69000e-01
 Reference value :  9.90000e-02
 Reference value :  3.68000e-01
No. of Data Rows : 1001
rxd1_hi             =  2.97000e+00
rxd1_lo             =  9.47882e-10
rxd2_hi             =  2.97000e+00
rxd2_lo             =  1.15406e-09
rxd3_hi             =  2.97000e+00
rxd3_lo             =  2.95301e+00
m_vth_cm080_mv = -4.200000000e+01
m_vth_cm165_mv = -4.700000000e+01
m_vth_cm250_mv = -2.770000000e+02
m_hi_cm080 = 1.0000000000e+00
m_lo_cm080 = 3.1915232323e-10
m_hi_cm165 = 1.0000000000e+00
m_lo_cm165 = 3.8857340067e-10
m_hi_cm250 = 1.0000000000e+00
m_lo_cm250 = 9.9428013468e-01
Note: Simulation executed from .control section 

Warning: m=xx on .subckt line will override multiplier m hierarchy!

Note: Starting dynamic gmin stepping
Note: Dynamic gmin stepping completed
