
Note: Compatibility modes selected: hs a


Circuit: * diff-receiver-sensitivity @ sf_27c_3.30v -- generated by sim/harness, do not edit

Doing analysis at TEMP = 27.000000 and TNOM = 27.000000

Using SPARSE 1.3 as Direct Linear Solver
 Reference value : -4.11000e-01
 Reference value : -1.43000e-01
 Reference value :  6.40000e-02
 Reference value :  3.07000e-01
No. of Data Rows : 1001
rxd1_hi             =  3.30000e+00
rxd1_lo             =  1.19747e-09
rxd2_hi             =  3.30000e+00
rxd2_lo             =  1.43955e-09
rxd3_hi             =  3.30000e+00
rxd3_lo             =  7.12033e-04
m_vth_cm080_mv = -4.900000000e+01
m_vth_cm165_mv = -5.500000000e+01
m_vth_cm250_mv = -7.100000000e+01
m_hi_cm080 = 1.0000000000e+00
m_lo_cm080 = 3.6287060606e-10
m_hi_cm165 = 1.0000000000e+00
m_lo_cm165 = 4.3622727273e-10
m_hi_cm250 = 1.0000000000e+00
m_lo_cm250 = 2.1576769697e-04
Note: Simulation executed from .control section 

Warning: m=xx on .subckt line will override multiplier m hierarchy!

