
Note: Compatibility modes selected: hs a


Circuit: * diff-receiver-sensitivity @ ss_-40c_3.30v -- generated by sim/harness, do not edit

Doing analysis at TEMP = -40.000000 and TNOM = 27.000000

Using SPARSE 1.3 as Direct Linear Solver
 Reference value : -3.61000e-01
 Reference value :  3.80000e-02
 Reference value :  4.62000e-01
No. of Data Rows : 1001
rxd1_hi             =  3.30000e+00
rxd1_lo             =  6.64456e-10
rxd2_hi             =  3.30000e+00
rxd2_lo             =  6.63853e-10
rxd3_hi             =  3.30000e+00
rxd3_lo             =  1.47611e-07
m_vth_cm080_mv = -3.900000000e+01
m_vth_cm165_mv = -4.400000000e+01
m_vth_cm250_mv = -7.900000000e+01
m_hi_cm080 = 1.0000000000e+00
m_lo_cm080 = 2.0135042424e-10
m_hi_cm165 = 1.0000000000e+00
m_lo_cm165 = 2.0116745455e-10
m_hi_cm250 = 1.0000000000e+00
m_lo_cm250 = 4.4730484848e-08
Note: Simulation executed from .control section 

Warning: m=xx on .subckt line will override multiplier m hierarchy!

