
Note: Compatibility modes selected: hs a


Circuit: * diff-receiver-sensitivity @ ss_125c_3.30v -- generated by sim/harness, do not edit

Doing analysis at TEMP = 125.000000 and TNOM = 27.000000

Using SPARSE 1.3 as Direct Linear Solver
 Reference value : -4.19000e-01
 Reference value : -2.38000e-01
 Reference value : -1.20000e-02
 Reference value :  2.27000e-01
No. of Data Rows : 1001
rxd1_hi             =  3.30000e+00
rxd1_lo             =  4.44253e-09
rxd2_hi             =  3.30000e+00
rxd2_lo             =  1.34112e-08
rxd3_hi             =  3.30000e+00
rxd3_lo             =  3.27529e+00
m_vth_cm080_mv = -4.900000000e+01
m_vth_cm165_mv = -5.400000000e+01
m_vth_cm250_mv = -2.990000000e+02
m_hi_cm080 = 1.0000000000e+00
m_lo_cm080 = 1.3462218182e-09
m_hi_cm165 = 1.0000000000e+00
m_lo_cm165 = 4.0640151515e-09
m_hi_cm250 = 1.0000000000e+00
m_lo_cm250 = 9.9251363636e-01
Note: Simulation executed from .control section 

Warning: m=xx on .subckt line will override multiplier m hierarchy!

