
Note: Compatibility modes selected: hs a


Circuit: * diff-receiver-sensitivity @ tt_27c_2.97v -- generated by sim/harness, do not edit

Doing analysis at TEMP = 27.000000 and TNOM = 27.000000

Using SPARSE 1.3 as Direct Linear Solver
 Reference value : -4.16000e-01
 Reference value : -2.14000e-01
 Reference value :  3.80000e-02
 Reference value :  2.65000e-01
No. of Data Rows : 1001
rxd1_hi             =  2.97000e+00
rxd1_lo             =  6.83267e-10
rxd2_hi             =  2.97000e+00
rxd2_lo             =  8.29743e-10
rxd3_hi             =  2.97000e+00
rxd3_lo             =  2.97000e+00
m_vth_cm080_mv = -4.400000000e+01
m_vth_cm165_mv = -5.100000000e+01
m_vth_cm250_mv = -5.000000000e+02
m_hi_cm080 = 1.0000000000e+00
m_lo_cm080 = 2.3005606061e-10
m_hi_cm165 = 1.0000000000e+00
m_lo_cm165 = 2.7937484848e-10
m_hi_cm250 = 1.0000000000e+00
m_lo_cm250 = 9.9999966330e-01
Note: Simulation executed from .control section 

Warning: m=xx on .subckt line will override multiplier m hierarchy!

