
Note: Compatibility modes selected: hs a


Circuit: * se-receiver-dm-thresholds @ ff_125c_3.30v -- generated by sim/harness, do not edit

Doing analysis at TEMP = 125.000000 and TNOM = 27.000000

Using SPARSE 1.3 as Direct Linear Solver
 Reference value :  1.95000e-01
 Reference value :  8.91000e-01
 Reference value :  1.41600e+00
 Reference value :  2.02900e+00
No. of Data Rows : 2901
vth                 =  1.33331e+00
rxd_at_vil          =  4.09723e-07
rxd_at_vih          =  3.29999e+00
m_vth_v = 1.3333100000e+00
m_out_at_vil = 1.2415860606e-07
m_out_at_vih = 9.9999848485e-01
Note: Simulation executed from .control section 

Warning: m=xx on .subckt line will override multiplier m hierarchy!

Note: Starting dynamic gmin stepping
Note: Dynamic gmin stepping completed
Note: Starting dynamic gmin stepping
Note: Dynamic gmin stepping completed
Note: Starting dynamic gmin stepping
Note: Dynamic gmin stepping completed
