
Note: Compatibility modes selected: hs a


Circuit: * se-receiver-dm-thresholds @ ff_125c_2.97v -- generated by sim/harness, do not edit

Doing analysis at TEMP = 125.000000 and TNOM = 27.000000

Using SPARSE 1.3 as Direct Linear Solver
 Reference value :  1.14000e-01
 Reference value :  8.52000e-01
 Reference value :  1.39700e+00
 Reference value :  2.23500e+00
No. of Data Rows : 2901
vth                 =  1.20252e+00
rxd_at_vil          =  3.74481e-07
rxd_at_vih          =  2.97000e+00
m_vth_v = 1.2025160000e+00
m_out_at_vil = 1.2608797980e-07
m_out_at_vih = 9.9999831650e-01
Note: Simulation executed from .control section 

Warning: m=xx on .subckt line will override multiplier m hierarchy!

Note: Starting dynamic gmin stepping
Note: Dynamic gmin stepping completed
Note: Starting dynamic gmin stepping
Note: Dynamic gmin stepping completed
Note: Starting dynamic gmin stepping
Note: Dynamic gmin stepping completed
Note: Starting dynamic gmin stepping
Note: Dynamic gmin stepping completed
Note: Starting dynamic gmin stepping
Note: Dynamic gmin stepping completed
Note: Starting dynamic gmin stepping
Note: Dynamic gmin stepping completed
