
Note: Compatibility modes selected: hs a


Circuit: * se-receiver-dm-thresholds @ ss_125c_3.30v -- generated by sim/harness, do not edit

Doing analysis at TEMP = 125.000000 and TNOM = 27.000000

Using SPARSE 1.3 as Direct Linear Solver
 Reference value :  1.28000e-01
 Reference value :  4.23000e-01
 Reference value :  1.25000e+00
 Reference value :  2.03900e+00
 Reference value :  2.85100e+00
No. of Data Rows : 2901
vth                 =  1.35451e+00
rxd_at_vil          =  4.44301e-09
rxd_at_vih          =  3.30000e+00
m_vth_v = 1.3545080000e+00
m_out_at_vil = 1.3463678788e-09
m_out_at_vih = 1.0000000000e+00
Note: Simulation executed from .control section 

Warning: m=xx on .subckt line will override multiplier m hierarchy!

Note: Starting dynamic gmin stepping
Note: Dynamic gmin stepping completed
Note: Starting dynamic gmin stepping
Note: Dynamic gmin stepping completed
Note: Starting dynamic gmin stepping
Note: Dynamic gmin stepping completed
Note: Starting dynamic gmin stepping
Note: Dynamic gmin stepping completed
Note: Starting dynamic gmin stepping
Note: Dynamic gmin stepping completed
Note: Starting dynamic gmin stepping
Note: Dynamic gmin stepping completed
Note: Starting dynamic gmin stepping
Note: Dynamic gmin stepping completed
