
Note: Compatibility modes selected: hs a


Circuit: * se-receiver-dp-thresholds @ fs_125c_3.30v -- generated by sim/harness, do not edit

Doing analysis at TEMP = 125.000000 and TNOM = 27.000000

Using SPARSE 1.3 as Direct Linear Solver
 Reference value :  8.70000e-02
 Reference value :  6.87000e-01
 Reference value :  1.42000e+00
 Reference value :  2.21300e+00
No. of Data Rows : 2901
vth                 =  1.33947e+00
rxd_at_vil          =  6.37822e-09
rxd_at_vih          =  3.30000e+00
m_vth_v = 1.3394680000e+00
m_out_at_vil = 1.9327927273e-09
m_out_at_vih = 9.9999878788e-01
Note: Simulation executed from .control section 

Warning: m=xx on .subckt line will override multiplier m hierarchy!

Note: Starting dynamic gmin stepping
Note: Dynamic gmin stepping completed
Note: Starting dynamic gmin stepping
Note: Dynamic gmin stepping completed
Note: Starting dynamic gmin stepping
Note: Dynamic gmin stepping completed
Note: Starting dynamic gmin stepping
Note: Dynamic gmin stepping completed
Note: Starting dynamic gmin stepping
Note: Dynamic gmin stepping completed
