
Note: Compatibility modes selected: hs a


Circuit: * se-receiver-dp-thresholds @ fs_27c_3.63v -- generated by sim/harness, do not edit

Doing analysis at TEMP = 27.000000 and TNOM = 27.000000

Using SPARSE 1.3 as Direct Linear Solver
 Reference value :  1.07000e-01
 Reference value :  4.06000e-01
 Reference value :  1.00600e+00
 Reference value :  1.60900e+00
 Reference value :  2.54300e+00
No. of Data Rows : 2901
vth                 =  1.48072e+00
rxd_at_vil          =  1.06475e-09
rxd_at_vih          =  3.63000e+00
m_vth_v = 1.4807180000e+00
m_out_at_vil = 2.9332038567e-10
m_out_at_vih = 1.0000000000e+00
Note: Simulation executed from .control section 

Warning: m=xx on .subckt line will override multiplier m hierarchy!

Note: Starting dynamic gmin stepping
Note: Dynamic gmin stepping completed
Note: Starting dynamic gmin stepping
Note: Dynamic gmin stepping completed
Note: Starting dynamic gmin stepping
Note: Dynamic gmin stepping completed
Note: Starting dynamic gmin stepping
Note: Dynamic gmin stepping completed
Note: Starting dynamic gmin stepping
Note: Dynamic gmin stepping completed
Note: Starting dynamic gmin stepping
Note: Dynamic gmin stepping completed
Note: Starting dynamic gmin stepping
Note: Dynamic gmin stepping completed
