
Note: Compatibility modes selected: hs a


Circuit: * se-receiver-dp-thresholds @ sf_125c_3.30v -- generated by sim/harness, do not edit

Doing analysis at TEMP = 125.000000 and TNOM = 27.000000

Using SPARSE 1.3 as Direct Linear Solver
 Reference value :  2.09000e-01
 Reference value :  8.00000e-01
 Reference value :  1.42800e+00
 Reference value :  2.21600e+00
No. of Data Rows : 2901
vth                 =  1.34868e+00
rxd_at_vil          =  2.13387e-07
rxd_at_vih          =  3.30000e+00
m_vth_v = 1.3486820000e+00
m_out_at_vil = 6.4662878788e-08
m_out_at_vih = 1.0000000000e+00
Note: Simulation executed from .control section 

Warning: m=xx on .subckt line will override multiplier m hierarchy!

Note: Starting dynamic gmin stepping
Note: Dynamic gmin stepping completed
Note: Starting dynamic gmin stepping
Note: Dynamic gmin stepping completed
Note: Starting dynamic gmin stepping
Note: Dynamic gmin stepping completed
Note: Starting dynamic gmin stepping
Note: Dynamic gmin stepping completed
Note: Starting dynamic gmin stepping
Note: Dynamic gmin stepping completed
