
Note: Compatibility modes selected: hs a


Circuit: * diff-receiver-sensitivity @ ff_-40c_2.97v -- generated by sim/harness, do not edit

Doing analysis at TEMP = -40.000000 and TNOM = 27.000000

Using SPARSE 1.3 as Direct Linear Solver
 Reference value : -4.19000e-01
 Reference value : -1.06000e-01
 Reference value :  9.10000e-02
 Reference value :  3.88000e-01
No. of Data Rows : 1001
vth_cm080           =  -5.07817e-02
vth_cm165           =  -5.90496e-02
rxd1_hi             =  2.97000e+00
rxd1_lo             =  5.36122e-10
rxd2_hi             =  2.97000e+00
rxd2_lo             =  5.30576e-10
rxd3_hi             =  2.97000e+00
rxd3_lo             =  2.97000e+00
m_vth_cm080_mv = -5.078175000e+01
m_vth_cm165_mv = -5.904957000e+01
m_hi_cm080 = 1.0000000000e+00
m_lo_cm080 = 1.8051252525e-10
m_hi_cm165 = 1.0000000000e+00
m_lo_cm165 = 1.7864505051e-10
m_hi_cm250 = 1.0000000000e+00
m_lo_cm250 = 1.0000000000e+00
Note: Simulation executed from .control section 

Warning: m=xx on .subckt line will override multiplier m hierarchy!

Note: Starting dynamic gmin stepping
Note: Dynamic gmin stepping completed
Note: Starting dynamic gmin stepping
Note: Dynamic gmin stepping completed
Note: Starting dynamic gmin stepping
Note: Dynamic gmin stepping completed
Note: Starting dynamic gmin stepping
Note: Dynamic gmin stepping completed
Note: Starting dynamic gmin stepping
Note: Dynamic gmin stepping completed
Note: Starting dynamic gmin stepping
Note: Dynamic gmin stepping completed
Note: Starting dynamic gmin stepping
Note: Dynamic gmin stepping completed

Error: measure  vth_cm250  when(WHEN) : out of interval
 meas dc vth_cm250 when v(rxd3)=1.485000e+00 failed!

Warning from checkvalid: vector vth_cm250 is not available or has zero length.
Error: RHS "vth_cm250*1e3" invalid
Warning from checkvalid: vector m_vth_cm250_mv is not available or has zero length.
