
Note: Compatibility modes selected: hs a


Circuit: * diff-receiver-sensitivity @ ff_125c_3.63v -- generated by sim/harness, do not edit

Doing analysis at TEMP = 125.000000 and TNOM = 27.000000

Using SPARSE 1.3 as Direct Linear Solver
 Reference value : -4.35000e-01
 Reference value : -2.88000e-01
 Reference value : -8.10000e-02
 Reference value :  1.53000e-01
 Reference value :  3.42000e-01
No. of Data Rows : 1001
vth_cm080           =  -7.99568e-02
vth_cm165           =  -8.97001e-02
vth_cm250           =  -3.69449e-01
rxd1_hi             =  3.62999e+00
rxd1_lo             =  4.29230e-07
rxd2_hi             =  3.62999e+00
rxd2_lo             =  7.03476e-05
rxd3_hi             =  3.62999e+00
rxd3_lo             =  3.50012e+00
m_vth_cm080_mv = -7.995679000e+01
m_vth_cm165_mv = -8.970006000e+01
m_vth_cm250_mv = -3.694490000e+02
m_hi_cm080 = 9.9999807163e-01
m_lo_cm080 = 1.1824515152e-07
m_hi_cm165 = 9.9999807163e-01
m_lo_cm165 = 1.9379515152e-05
m_hi_cm250 = 9.9999807163e-01
m_lo_cm250 = 9.6422011019e-01
Note: Simulation executed from .control section 

Warning: m=xx on .subckt line will override multiplier m hierarchy!

Note: Starting dynamic gmin stepping
Note: Dynamic gmin stepping completed
Note: Starting dynamic gmin stepping
Note: Dynamic gmin stepping completed
Note: Starting dynamic gmin stepping
Note: Dynamic gmin stepping completed
Note: Starting dynamic gmin stepping
Note: Dynamic gmin stepping completed
Note: Starting dynamic gmin stepping
Note: Dynamic gmin stepping completed
Note: Starting dynamic gmin stepping
Note: Dynamic gmin stepping completed
Note: Starting dynamic gmin stepping
Note: Dynamic gmin stepping completed
Note: Starting dynamic gmin stepping
Note: Dynamic gmin stepping completed
Note: Starting dynamic gmin stepping
Note: Dynamic gmin stepping completed
Note: Starting dynamic gmin stepping
Note: Dynamic gmin stepping completed
