
Note: Compatibility modes selected: hs a


Circuit: * diff-receiver-sensitivity @ ff_125c_2.97v -- generated by sim/harness, do not edit

Doing analysis at TEMP = 125.000000 and TNOM = 27.000000

Using SPARSE 1.3 as Direct Linear Solver
 Reference value : -4.31000e-01
 Reference value : -2.22000e-01
 Reference value : -1.40000e-02
 Reference value :  2.66000e-01
No. of Data Rows : 1001
vth_cm080           =  -6.28900e-02
vth_cm165           =  -7.16769e-02
rxd1_hi             =  2.97000e+00
rxd1_lo             =  3.42081e-07
rxd2_hi             =  2.97000e+00
rxd2_lo             =  1.39061e-04
rxd3_hi             =  2.97000e+00
rxd3_lo             =  2.96970e+00
m_vth_cm080_mv = -6.288997000e+01
m_vth_cm165_mv = -7.167690000e+01
m_hi_cm080 = 9.9999831650e-01
m_lo_cm080 = 1.1517888889e-07
m_hi_cm165 = 9.9999831650e-01
m_lo_cm165 = 4.6821986532e-05
m_hi_cm250 = 9.9999831650e-01
m_lo_cm250 = 9.9990000000e-01
Note: Simulation executed from .control section 

Warning: m=xx on .subckt line will override multiplier m hierarchy!


Error: measure  vth_cm250  when(WHEN) : out of interval
 meas dc vth_cm250 when v(rxd3)=1.485000e+00 failed!

Warning from checkvalid: vector vth_cm250 is not available or has zero length.
Error: RHS "vth_cm250*1e3" invalid
Warning from checkvalid: vector m_vth_cm250_mv is not available or has zero length.
