
Note: Compatibility modes selected: hs a


Circuit: * diff-receiver-sensitivity @ ff_27c_3.30v -- generated by sim/harness, do not edit

Doing analysis at TEMP = 27.000000 and TNOM = 27.000000

Using SPARSE 1.3 as Direct Linear Solver
 Reference value : -4.40000e-01
 Reference value : -1.81000e-01
 Reference value :  6.40000e-02
 Reference value :  3.49000e-01
No. of Data Rows : 1001
vth_cm080           =  -6.38374e-02
vth_cm165           =  -7.30288e-02
rxd1_hi             =  3.30000e+00
rxd1_lo             =  1.38395e-09
rxd2_hi             =  3.30000e+00
rxd2_lo             =  6.87078e-08
rxd3_hi             =  3.30000e+00
rxd3_lo             =  3.29721e+00
m_vth_cm080_mv = -6.383738000e+01
m_vth_cm165_mv = -7.302879000e+01
m_hi_cm080 = 1.0000000000e+00
m_lo_cm080 = 4.1937969697e-10
m_hi_cm165 = 1.0000000000e+00
m_lo_cm165 = 2.0820557576e-08
m_hi_cm250 = 1.0000000000e+00
m_lo_cm250 = 9.9915424242e-01
Note: Simulation executed from .control section 

Warning: m=xx on .subckt line will override multiplier m hierarchy!


Error: measure  vth_cm250  when(WHEN) : out of interval
 meas dc vth_cm250 when v(rxd3)=1.650000e+00 failed!

Warning from checkvalid: vector vth_cm250 is not available or has zero length.
Error: RHS "vth_cm250*1e3" invalid
Warning from checkvalid: vector m_vth_cm250_mv is not available or has zero length.
