
Note: Compatibility modes selected: hs a


Circuit: * diff-receiver-sensitivity @ ff_27c_2.97v -- generated by sim/harness, do not edit

Doing analysis at TEMP = 27.000000 and TNOM = 27.000000

Using SPARSE 1.3 as Direct Linear Solver
 Reference value : -4.24000e-01
 Reference value : -2.23000e-01
 Reference value :  2.90000e-02
 Reference value :  2.24000e-01
 Reference value :  4.84000e-01
No. of Data Rows : 1001
vth_cm080           =  -5.54846e-02
vth_cm165           =  -6.35468e-02
rxd1_hi             =  2.97000e+00
rxd1_lo             =  1.07421e-09
rxd2_hi             =  2.97000e+00
rxd2_lo             =  8.45728e-08
rxd3_hi             =  2.97000e+00
rxd3_lo             =  2.96999e+00
m_vth_cm080_mv = -5.548461000e+01
m_vth_cm165_mv = -6.354682000e+01
m_hi_cm080 = 1.0000000000e+00
m_lo_cm080 = 3.6168754209e-10
m_hi_cm165 = 1.0000000000e+00
m_lo_cm165 = 2.8475703704e-08
m_hi_cm250 = 1.0000000000e+00
m_lo_cm250 = 9.9999764310e-01
Note: Simulation executed from .control section 

Warning: m=xx on .subckt line will override multiplier m hierarchy!


Error: measure  vth_cm250  when(WHEN) : out of interval
 meas dc vth_cm250 when v(rxd3)=1.485000e+00 failed!

Warning from checkvalid: vector vth_cm250 is not available or has zero length.
Error: RHS "vth_cm250*1e3" invalid
Warning from checkvalid: vector m_vth_cm250_mv is not available or has zero length.
