
Note: Compatibility modes selected: hs a


Circuit: * diff-receiver-sensitivity @ fs_-40c_3.63v -- generated by sim/harness, do not edit

Doing analysis at TEMP = -40.000000 and TNOM = 27.000000

Using SPARSE 1.3 as Direct Linear Solver
 Reference value : -4.26000e-01
 Reference value : -9.60000e-02
 Reference value :  2.93000e-01
No. of Data Rows : 1001
vth_cm080           =  -6.00867e-02
vth_cm165           =  -6.94809e-02
vth_cm250           =  -3.33215e-01
rxd1_hi             =  3.63000e+00
rxd1_lo             =  8.82119e-10
rxd2_hi             =  3.63000e+00
rxd2_lo             =  7.88962e-10
rxd3_hi             =  3.63000e+00
rxd3_lo             =  3.61261e+00
m_vth_cm080_mv = -6.008667000e+01
m_vth_cm165_mv = -6.948086000e+01
m_vth_cm250_mv = -3.332154000e+02
m_hi_cm080 = 1.0000000000e+00
m_lo_cm080 = 2.4300801653e-10
m_hi_cm165 = 1.0000000000e+00
m_lo_cm165 = 2.1734498623e-10
m_hi_cm250 = 1.0000000000e+00
m_lo_cm250 = 9.9521074380e-01
Note: Simulation executed from .control section 

Warning: m=xx on .subckt line will override multiplier m hierarchy!

