
Note: Compatibility modes selected: hs a


Circuit: * diff-receiver-sensitivity @ fs_125c_3.30v -- generated by sim/harness, do not edit

Doing analysis at TEMP = 125.000000 and TNOM = 27.000000

Using SPARSE 1.3 as Direct Linear Solver
 Reference value : -4.34000e-01
 Reference value : -2.05000e-01
 Reference value :  1.20000e-02
 Reference value :  3.10000e-01
No. of Data Rows : 1001
vth_cm080           =  -6.34875e-02
vth_cm165           =  -7.24790e-02
rxd1_hi             =  3.30000e+00
rxd1_lo             =  6.06346e-09
rxd2_hi             =  3.30000e+00
rxd2_lo             =  2.01246e-06
rxd3_hi             =  3.30000e+00
rxd3_lo             =  3.29947e+00
m_vth_cm080_mv = -6.348753000e+01
m_vth_cm165_mv = -7.247896000e+01
m_hi_cm080 = 9.9999878788e-01
m_lo_cm080 = 1.8374127273e-09
m_hi_cm165 = 9.9999878788e-01
m_lo_cm165 = 6.0983515152e-07
m_hi_cm250 = 9.9999878788e-01
m_lo_cm250 = 9.9984060606e-01
Note: Simulation executed from .control section 

Warning: m=xx on .subckt line will override multiplier m hierarchy!


Error: measure  vth_cm250  when(WHEN) : out of interval
 meas dc vth_cm250 when v(rxd3)=1.650000e+00 failed!

Warning from checkvalid: vector vth_cm250 is not available or has zero length.
Error: RHS "vth_cm250*1e3" invalid
Warning from checkvalid: vector m_vth_cm250_mv is not available or has zero length.
