
Note: Compatibility modes selected: hs a


Circuit: * diff-receiver-sensitivity @ sf_125c_3.30v -- generated by sim/harness, do not edit

Doing analysis at TEMP = 125.000000 and TNOM = 27.000000

Using SPARSE 1.3 as Direct Linear Solver
 Reference value : -4.56000e-01
 Reference value : -2.75000e-01
 Reference value : -9.40000e-02
 Reference value :  2.05000e-01
 Reference value :  4.89000e-01
No. of Data Rows : 1001
vth_cm080           =  -5.56469e-02
vth_cm165           =  -6.15428e-02
vth_cm250           =  -1.21246e-01
rxd1_hi             =  3.30000e+00
rxd1_lo             =  2.13317e-07
rxd2_hi             =  3.30000e+00
rxd2_lo             =  9.73729e-07
rxd3_hi             =  3.30000e+00
rxd3_lo             =  6.15282e-02
m_vth_cm080_mv = -5.564686000e+01
m_vth_cm165_mv = -6.154280000e+01
m_vth_cm250_mv = -1.212460000e+02
m_hi_cm080 = 1.0000000000e+00
m_lo_cm080 = 6.4641636364e-08
m_hi_cm165 = 1.0000000000e+00
m_lo_cm165 = 2.9506948485e-07
m_hi_cm250 = 1.0000000000e+00
m_lo_cm250 = 1.8644915152e-02
Note: Simulation executed from .control section 

Warning: m=xx on .subckt line will override multiplier m hierarchy!

