
Note: Compatibility modes selected: hs a


Circuit: * diff-receiver-sensitivity @ sf_27c_3.30v -- generated by sim/harness, do not edit

Doing analysis at TEMP = 27.000000 and TNOM = 27.000000

Using SPARSE 1.3 as Direct Linear Solver
 Reference value : -4.18000e-01
 Reference value : -1.52000e-01
 Reference value :  5.50000e-02
 Reference value :  2.99000e-01
No. of Data Rows : 1001
vth_cm080           =  -4.94878e-02
vth_cm165           =  -5.54428e-02
vth_cm250           =  -7.15080e-02
rxd1_hi             =  3.30000e+00
rxd1_lo             =  1.19747e-09
rxd2_hi             =  3.30000e+00
rxd2_lo             =  1.43955e-09
rxd3_hi             =  3.30000e+00
rxd3_lo             =  7.12033e-04
m_vth_cm080_mv = -4.948777000e+01
m_vth_cm165_mv = -5.544282000e+01
m_vth_cm250_mv = -7.150799000e+01
m_hi_cm080 = 1.0000000000e+00
m_lo_cm080 = 3.6287060606e-10
m_hi_cm165 = 1.0000000000e+00
m_lo_cm165 = 4.3622727273e-10
m_hi_cm250 = 1.0000000000e+00
m_lo_cm250 = 2.1576769697e-04
Note: Simulation executed from .control section 

Warning: m=xx on .subckt line will override multiplier m hierarchy!

