
Note: Compatibility modes selected: hs a


Circuit: * diff-receiver-sensitivity @ sf_27c_3.63v -- generated by sim/harness, do not edit

Doing analysis at TEMP = 27.000000 and TNOM = 27.000000

Using SPARSE 1.3 as Direct Linear Solver
 Reference value : -4.41000e-01
 Reference value : -1.47000e-01
 Reference value :  6.10000e-02
 Reference value :  1.89000e-01
 Reference value :  4.87000e-01
No. of Data Rows : 1001
vth_cm080           =  -5.65092e-02
vth_cm165           =  -6.30798e-02
vth_cm250           =  -7.14673e-02
rxd1_hi             =  3.63000e+00
rxd1_lo             =  1.75148e-09
rxd2_hi             =  3.63000e+00
rxd2_lo             =  2.03122e-09
rxd3_hi             =  3.63000e+00
rxd3_lo             =  3.16860e-05
m_vth_cm080_mv = -5.650916000e+01
m_vth_cm165_mv = -6.307981000e+01
m_vth_cm250_mv = -7.146731000e+01
m_hi_cm080 = 1.0000000000e+00
m_lo_cm080 = 4.8250055096e-10
m_hi_cm165 = 1.0000000000e+00
m_lo_cm165 = 5.5956473829e-10
m_hi_cm250 = 1.0000000000e+00
m_lo_cm250 = 8.7289366391e-06
Note: Simulation executed from .control section 

Warning: m=xx on .subckt line will override multiplier m hierarchy!

Note: Starting dynamic gmin stepping
Note: Dynamic gmin stepping completed
Note: Starting dynamic gmin stepping
Note: Dynamic gmin stepping completed
Note: Starting dynamic gmin stepping
Note: Dynamic gmin stepping completed
