
Note: Compatibility modes selected: hs a


Circuit: * diff-receiver-sensitivity @ ss_-40c_2.97v -- generated by sim/harness, do not edit

Doing analysis at TEMP = -40.000000 and TNOM = 27.000000

Using SPARSE 1.3 as Direct Linear Solver
 Reference value : -3.50000e-01
 Reference value :  1.00000e-03
 Reference value :  3.99000e-01
No. of Data Rows : 1001
vth_cm080           =  -3.24757e-02
vth_cm165           =  -3.65306e-02
vth_cm250           =  -3.63853e-01
rxd1_hi             =  2.97000e+00
rxd1_lo             =  5.61057e-10
rxd2_hi             =  2.97000e+00
rxd2_lo             =  5.61028e-10
rxd3_hi             =  2.97000e+00
rxd3_lo             =  2.97000e+00
m_vth_cm080_mv = -3.247574000e+01
m_vth_cm165_mv = -3.653059000e+01
m_vth_cm250_mv = -3.638530000e+02
m_hi_cm080 = 1.0000000000e+00
m_lo_cm080 = 1.8890794613e-10
m_hi_cm165 = 1.0000000000e+00
m_lo_cm165 = 1.8889845118e-10
m_hi_cm250 = 1.0000000000e+00
m_lo_cm250 = 1.0000000000e+00
Note: Simulation executed from .control section 

Warning: m=xx on .subckt line will override multiplier m hierarchy!

