
Note: Compatibility modes selected: hs a


Circuit: * diff-receiver-sensitivity @ ss_-40c_3.30v -- generated by sim/harness, do not edit

Doing analysis at TEMP = -40.000000 and TNOM = 27.000000

Using SPARSE 1.3 as Direct Linear Solver
 Reference value : -3.52000e-01
 Reference value :  2.70000e-02
 Reference value :  4.21000e-01
No. of Data Rows : 1001
vth_cm080           =  -3.94730e-02
vth_cm165           =  -4.45311e-02
vth_cm250           =  -7.91495e-02
rxd1_hi             =  3.30000e+00
rxd1_lo             =  6.64456e-10
rxd2_hi             =  3.30000e+00
rxd2_lo             =  6.63853e-10
rxd3_hi             =  3.30000e+00
rxd3_lo             =  1.47611e-07
m_vth_cm080_mv = -3.947300000e+01
m_vth_cm165_mv = -4.453109000e+01
m_vth_cm250_mv = -7.914949000e+01
m_hi_cm080 = 1.0000000000e+00
m_lo_cm080 = 2.0135042424e-10
m_hi_cm165 = 1.0000000000e+00
m_lo_cm165 = 2.0116745455e-10
m_hi_cm250 = 1.0000000000e+00
m_lo_cm250 = 4.4730484848e-08
Note: Simulation executed from .control section 

Warning: m=xx on .subckt line will override multiplier m hierarchy!

