
Note: Compatibility modes selected: hs a


Circuit: * diff-receiver-sensitivity @ ss_125c_3.30v -- generated by sim/harness, do not edit

Doing analysis at TEMP = 125.000000 and TNOM = 27.000000

Using SPARSE 1.3 as Direct Linear Solver
 Reference value : -4.15000e-01
 Reference value : -2.25000e-01
 Reference value :  1.10000e-02
 Reference value :  2.57000e-01
No. of Data Rows : 1001
vth_cm080           =  -4.93830e-02
vth_cm165           =  -5.45092e-02
vth_cm250           =  -2.99860e-01
rxd1_hi             =  3.30000e+00
rxd1_lo             =  4.44253e-09
rxd2_hi             =  3.30000e+00
rxd2_lo             =  1.34112e-08
rxd3_hi             =  3.30000e+00
rxd3_lo             =  3.27529e+00
m_vth_cm080_mv = -4.938301000e+01
m_vth_cm165_mv = -5.450918000e+01
m_vth_cm250_mv = -2.998600000e+02
m_hi_cm080 = 1.0000000000e+00
m_lo_cm080 = 1.3462218182e-09
m_hi_cm165 = 1.0000000000e+00
m_lo_cm165 = 4.0640151515e-09
m_hi_cm250 = 1.0000000000e+00
m_lo_cm250 = 9.9251363636e-01
Note: Simulation executed from .control section 

Warning: m=xx on .subckt line will override multiplier m hierarchy!

