
Note: Compatibility modes selected: hs a


Circuit: * diff-receiver-sensitivity @ ss_125c_2.97v -- generated by sim/harness, do not edit

Doing analysis at TEMP = 125.000000 and TNOM = 27.000000

Using SPARSE 1.3 as Direct Linear Solver
 Reference value : -4.34000e-01
 Reference value : -2.34000e-01
 Reference value :  2.20000e-02
 Reference value :  2.28000e-01
 Reference value :  4.84000e-01
No. of Data Rows : 1001
vth_cm080           =  -4.23925e-02
vth_cm165           =  -4.72823e-02
rxd1_hi             =  2.97000e+00
rxd1_lo             =  4.20789e-09
rxd2_hi             =  2.97000e+00
rxd2_lo             =  1.37602e-08
rxd3_hi             =  2.97000e+00
rxd3_lo             =  2.96999e+00
m_vth_cm080_mv = -4.239247000e+01
m_vth_cm165_mv = -4.728234000e+01
m_hi_cm080 = 1.0000000000e+00
m_lo_cm080 = 1.4167973064e-09
m_hi_cm165 = 1.0000000000e+00
m_lo_cm165 = 4.6330673401e-09
m_hi_cm250 = 1.0000000000e+00
m_lo_cm250 = 9.9999663300e-01
Note: Simulation executed from .control section 

Warning: m=xx on .subckt line will override multiplier m hierarchy!


Error: measure  vth_cm250  when(WHEN) : out of interval
 meas dc vth_cm250 when v(rxd3)=1.485000e+00 failed!

Warning from checkvalid: vector vth_cm250 is not available or has zero length.
Error: RHS "vth_cm250*1e3" invalid
Warning from checkvalid: vector m_vth_cm250_mv is not available or has zero length.
