
Note: Compatibility modes selected: hs a


Circuit: * diff-receiver-sensitivity @ ss_125c_3.63v -- generated by sim/harness, do not edit

Doing analysis at TEMP = 125.000000 and TNOM = 27.000000

Using SPARSE 1.3 as Direct Linear Solver
 Reference value : -3.99000e-01
 Reference value : -1.58000e-01
 Reference value :  8.00000e-02
 Reference value :  3.67000e-01
No. of Data Rows : 1001
vth_cm080           =  -5.63750e-02
vth_cm165           =  -6.23141e-02
vth_cm250           =  -8.77375e-02
rxd1_hi             =  3.63000e+00
rxd1_lo             =  4.93599e-09
rxd2_hi             =  3.63000e+00
rxd2_lo             =  1.43396e-08
rxd3_hi             =  3.63000e+00
rxd3_lo             =  4.09270e-03
m_vth_cm080_mv = -5.637502000e+01
m_vth_cm165_mv = -6.231411000e+01
m_vth_cm250_mv = -8.773750000e+01
m_hi_cm080 = 1.0000000000e+00
m_lo_cm080 = 1.3597763085e-09
m_hi_cm165 = 1.0000000000e+00
m_lo_cm165 = 3.9502947658e-09
m_hi_cm250 = 1.0000000000e+00
m_lo_cm250 = 1.1274655647e-03
Note: Simulation executed from .control section 

Warning: m=xx on .subckt line will override multiplier m hierarchy!

