
Note: Compatibility modes selected: hs a


Circuit: * diff-receiver-sensitivity @ ss_27c_3.30v -- generated by sim/harness, do not edit

Doing analysis at TEMP = 27.000000 and TNOM = 27.000000

Using SPARSE 1.3 as Direct Linear Solver
 Reference value : -4.72000e-01
 Reference value : -2.38000e-01
 Reference value : -4.80000e-02
 Reference value :  2.35000e-01
No. of Data Rows : 1001
vth_cm080           =  -4.34140e-02
vth_cm165           =  -4.84740e-02
vth_cm250           =  -1.61499e-01
rxd1_hi             =  3.30000e+00
rxd1_lo             =  8.22182e-10
rxd2_hi             =  3.30000e+00
rxd2_lo             =  8.17497e-10
rxd3_hi             =  3.30000e+00
rxd3_lo             =  1.01750e-01
m_vth_cm080_mv = -4.341397000e+01
m_vth_cm165_mv = -4.847402000e+01
m_vth_cm250_mv = -1.614994000e+02
m_hi_cm080 = 1.0000000000e+00
m_lo_cm080 = 2.4914615152e-10
m_hi_cm165 = 1.0000000000e+00
m_lo_cm165 = 2.4772624242e-10
m_hi_cm250 = 1.0000000000e+00
m_lo_cm250 = 3.0833181818e-02
Note: Simulation executed from .control section 

Warning: m=xx on .subckt line will override multiplier m hierarchy!

Note: Starting dynamic gmin stepping
Note: Dynamic gmin stepping completed
Note: Starting dynamic gmin stepping
Note: Dynamic gmin stepping completed
Note: Starting dynamic gmin stepping
Note: Dynamic gmin stepping completed
Note: Starting dynamic gmin stepping
Note: Dynamic gmin stepping completed
