
Note: Compatibility modes selected: hs a


Circuit: * diff-receiver-sensitivity @ ss_27c_3.63v -- generated by sim/harness, do not edit

Doing analysis at TEMP = 27.000000 and TNOM = 27.000000

Using SPARSE 1.3 as Direct Linear Solver
 Reference value : -4.43000e-01
 Reference value : -1.97000e-01
 Reference value :  2.40000e-02
 Reference value :  2.22000e-01
No. of Data Rows : 1001
vth_cm080           =  -5.03754e-02
vth_cm165           =  -5.63147e-02
vth_cm250           =  -6.64586e-02
rxd1_hi             =  3.63000e+00
rxd1_lo             =  1.09733e-09
rxd2_hi             =  3.63000e+00
rxd2_lo             =  1.07947e-09
rxd3_hi             =  3.63000e+00
rxd3_lo             =  1.62210e-06
m_vth_cm080_mv = -5.037544000e+01
m_vth_cm165_mv = -5.631470000e+01
m_vth_cm250_mv = -6.645857000e+01
m_hi_cm080 = 1.0000000000e+00
m_lo_cm080 = 3.0229504132e-10
m_hi_cm165 = 1.0000000000e+00
m_lo_cm165 = 2.9737520661e-10
m_hi_cm250 = 1.0000000000e+00
m_lo_cm250 = 4.4685950413e-07
Note: Simulation executed from .control section 

Warning: m=xx on .subckt line will override multiplier m hierarchy!

Note: Starting dynamic gmin stepping
Note: Dynamic gmin stepping completed
Note: Starting dynamic gmin stepping
Note: Dynamic gmin stepping completed
Note: Starting dynamic gmin stepping
Note: Dynamic gmin stepping completed
Note: Starting dynamic gmin stepping
Note: Dynamic gmin stepping completed
Note: Starting dynamic gmin stepping
Note: Dynamic gmin stepping completed
