
Note: Compatibility modes selected: hs a


Circuit: * diff-receiver-sensitivity @ tt_125c_3.30v -- generated by sim/harness, do not edit

Doing analysis at TEMP = 125.000000 and TNOM = 27.000000

Using SPARSE 1.3 as Direct Linear Solver
 Reference value : -4.24000e-01
 Reference value : -2.08000e-01
 Reference value : -4.00000e-03
 Reference value :  2.97000e-01
No. of Data Rows : 1001
vth_cm080           =  -5.94141e-02
vth_cm165           =  -6.64768e-02
rxd1_hi             =  3.30000e+00
rxd1_lo             =  3.20332e-08
rxd2_hi             =  3.30000e+00
rxd2_lo             =  7.50259e-07
rxd3_hi             =  3.30000e+00
rxd3_lo             =  3.29387e+00
m_vth_cm080_mv = -5.941407000e+01
m_vth_cm165_mv = -6.647682000e+01
m_hi_cm080 = 9.9999969697e-01
m_lo_cm080 = 9.7070424242e-09
m_hi_cm165 = 9.9999969697e-01
m_lo_cm165 = 2.2735115152e-07
m_hi_cm250 = 9.9999969697e-01
m_lo_cm250 = 9.9814242424e-01
Note: Simulation executed from .control section 

Warning: m=xx on .subckt line will override multiplier m hierarchy!


Error: measure  vth_cm250  when(WHEN) : out of interval
 meas dc vth_cm250 when v(rxd3)=1.650000e+00 failed!

Warning from checkvalid: vector vth_cm250 is not available or has zero length.
Error: RHS "vth_cm250*1e3" invalid
Warning from checkvalid: vector m_vth_cm250_mv is not available or has zero length.
