
Note: Compatibility modes selected: hs a


Circuit: * diff-receiver-sensitivity @ tt_125c_3.63v -- generated by sim/harness, do not edit

Doing analysis at TEMP = 125.000000 and TNOM = 27.000000

Using SPARSE 1.3 as Direct Linear Solver
 Reference value : -4.16000e-01
 Reference value : -1.99000e-01
 Reference value : -1.00000e-03
 Reference value :  1.06000e-01
 Reference value :  3.22000e-01
No. of Data Rows : 1001
vth_cm080           =  -6.69516e-02
vth_cm165           =  -7.45620e-02
vth_cm250           =  -1.87880e-01
rxd1_hi             =  3.63000e+00
rxd1_lo             =  3.47387e-08
rxd2_hi             =  3.63000e+00
rxd2_lo             =  7.27321e-07
rxd3_hi             =  3.63000e+00
rxd3_lo             =  6.55336e-01
m_vth_cm080_mv = -6.695156000e+01
m_vth_cm165_mv = -7.456203000e+01
m_vth_cm250_mv = -1.878802000e+02
m_hi_cm080 = 9.9999972452e-01
m_lo_cm080 = 9.5698898072e-09
m_hi_cm165 = 9.9999972452e-01
m_lo_cm165 = 2.0036382920e-07
m_hi_cm250 = 9.9999972452e-01
m_lo_cm250 = 1.8053333333e-01
Note: Simulation executed from .control section 

Warning: m=xx on .subckt line will override multiplier m hierarchy!

Note: Starting dynamic gmin stepping
Note: Dynamic gmin stepping completed
Note: Starting dynamic gmin stepping
Note: Dynamic gmin stepping completed
Note: Starting dynamic gmin stepping
Note: Dynamic gmin stepping completed
Note: Starting dynamic gmin stepping
Note: Dynamic gmin stepping completed
Note: Starting dynamic gmin stepping
Note: Dynamic gmin stepping completed
Note: Starting dynamic gmin stepping
Note: Dynamic gmin stepping completed
Note: Starting dynamic gmin stepping
Note: Dynamic gmin stepping completed
Note: Starting dynamic gmin stepping
Note: Dynamic gmin stepping completed
Note: Starting dynamic gmin stepping
Note: Dynamic gmin stepping completed
Note: Starting dynamic gmin stepping
Note: Dynamic gmin stepping completed
Note: Starting dynamic gmin stepping
Note: Dynamic gmin stepping completed
Note: Starting dynamic gmin stepping
Note: Dynamic gmin stepping completed
Note: Starting dynamic gmin stepping
Note: Dynamic gmin stepping completed
Note: Starting dynamic gmin stepping
Note: Dynamic gmin stepping completed
Note: Starting dynamic gmin stepping
Note: Dynamic gmin stepping completed
Note: Starting dynamic gmin stepping
Note: Dynamic gmin stepping completed
Note: Starting dynamic gmin stepping
Note: Dynamic gmin stepping completed
Note: Starting dynamic gmin stepping
Note: Dynamic gmin stepping completed
Note: Starting dynamic gmin stepping
Note: Dynamic gmin stepping completed
Note: Starting dynamic gmin stepping
Note: Dynamic gmin stepping completed
Note: Starting dynamic gmin stepping
Note: Dynamic gmin stepping completed
Note: Starting dynamic gmin stepping
Note: Dynamic gmin stepping completed
