
Note: Compatibility modes selected: hs a


Circuit: * diff-receiver-sensitivity @ tt_125c_2.97v -- generated by sim/harness, do not edit

Doing analysis at TEMP = 125.000000 and TNOM = 27.000000

Using SPARSE 1.3 as Direct Linear Solver
 Reference value : -4.32000e-01
 Reference value : -2.14000e-01
 Reference value :  1.50000e-02
 Reference value :  3.02000e-01
No. of Data Rows : 1001
vth_cm080           =  -5.15111e-02
vth_cm165           =  -5.84236e-02
rxd1_hi             =  2.97000e+00
rxd1_lo             =  3.02841e-08
rxd2_hi             =  2.97000e+00
rxd2_lo             =  9.38810e-07
rxd3_hi             =  2.97000e+00
rxd3_lo             =  2.96995e+00
m_vth_cm080_mv = -5.151109000e+01
m_vth_cm165_mv = -5.842364000e+01
m_hi_cm080 = 9.9999966330e-01
m_lo_cm080 = 1.0196670034e-08
m_hi_cm165 = 9.9999966330e-01
m_lo_cm165 = 3.1609750842e-07
m_hi_cm250 = 9.9999966330e-01
m_lo_cm250 = 9.9998417508e-01
Note: Simulation executed from .control section 

Warning: m=xx on .subckt line will override multiplier m hierarchy!

Note: Starting dynamic gmin stepping
Note: Dynamic gmin stepping completed
Note: Starting dynamic gmin stepping
Note: Dynamic gmin stepping completed

Error: measure  vth_cm250  when(WHEN) : out of interval
 meas dc vth_cm250 when v(rxd3)=1.485000e+00 failed!

Warning from checkvalid: vector vth_cm250 is not available or has zero length.
Error: RHS "vth_cm250*1e3" invalid
Warning from checkvalid: vector m_vth_cm250_mv is not available or has zero length.
