
Note: Compatibility modes selected: hs a


Circuit: * diff-receiver-sensitivity @ tt_27c_3.30v -- generated by sim/harness, do not edit

Doing analysis at TEMP = 27.000000 and TNOM = 27.000000

Using SPARSE 1.3 as Direct Linear Solver
 Reference value : -4.51000e-01
 Reference value : -2.29000e-01
 Reference value : -3.10000e-02
 Reference value :  2.41000e-01
No. of Data Rows : 1001
vth_cm080           =  -5.25014e-02
vth_cm165           =  -5.95147e-02
vth_cm250           =  -3.55191e-01
rxd1_hi             =  3.30000e+00
rxd1_lo             =  8.60656e-10
rxd2_hi             =  3.30000e+00
rxd2_lo             =  9.80073e-10
rxd3_hi             =  3.30000e+00
rxd3_lo             =  3.29513e+00
m_vth_cm080_mv = -5.250136000e+01
m_vth_cm165_mv = -5.951472000e+01
m_vth_cm250_mv = -3.551908000e+02
m_hi_cm080 = 1.0000000000e+00
m_lo_cm080 = 2.6080472727e-10
m_hi_cm165 = 1.0000000000e+00
m_lo_cm165 = 2.9699178788e-10
m_hi_cm250 = 1.0000000000e+00
m_lo_cm250 = 9.9852575758e-01
Note: Simulation executed from .control section 

Warning: m=xx on .subckt line will override multiplier m hierarchy!

