
Note: Compatibility modes selected: hs a


Circuit: * diff-receiver-sensitivity @ tt_27c_3.63v -- generated by sim/harness, do not edit

Doing analysis at TEMP = 27.000000 and TNOM = 27.000000

Using SPARSE 1.3 as Direct Linear Solver
 Reference value : -4.09000e-01
 Reference value : -1.49000e-01
 Reference value :  6.40000e-02
 Reference value :  2.79000e-01
No. of Data Rows : 1001
vth_cm080           =  -6.03750e-02
vth_cm165           =  -6.81361e-02
vth_cm250           =  -1.01714e-01
rxd1_hi             =  3.63000e+00
rxd1_lo             =  1.26411e-09
rxd2_hi             =  3.63000e+00
rxd2_lo             =  1.34210e-09
rxd3_hi             =  3.63000e+00
rxd3_lo             =  2.03567e-02
m_vth_cm080_mv = -6.037503000e+01
m_vth_cm165_mv = -6.813606000e+01
m_vth_cm250_mv = -1.017141000e+02
m_hi_cm080 = 1.0000000000e+00
m_lo_cm080 = 3.4823939394e-10
m_hi_cm165 = 1.0000000000e+00
m_lo_cm165 = 3.6972561983e-10
m_hi_cm250 = 1.0000000000e+00
m_lo_cm250 = 5.6079063361e-03
Note: Simulation executed from .control section 

Warning: m=xx on .subckt line will override multiplier m hierarchy!

