
Note: Compatibility modes selected: hs a


Circuit: * driver-signal-quality @ ff_-40c_3.30v -- generated by sim/harness, do not edit

Doing analysis at TEMP = -40.000000 and TNOM = 27.000000

Using SPARSE 1.3 as Direct Linear Solver

Initial Transient Solution
--------------------------

Node                                   Voltage
----                                   -------
vdd                                        3.3
txdp                                         0
txdm                                       3.3
xdrv.dp_predrv                             3.3
xdrv.dp_gate                               3.3
xdrv.xrslewdp.11                           3.3
xdrv.xrslewdp.21                           3.3
xdrv.dp_outint                     3.92174e-10
dp                                 3.92174e-10
xdrv.dm_predrv                     2.25512e-09
xdrv.dm_gate                       2.25512e-09
xdrv.xrslewdm.11                   2.25512e-09
xdrv.xrslewdm.21                   2.25512e-09
xdrv.dm_outint                             3.3
dm                                         3.3
vtxdm#branch                                 0
vtxdp#branch                                 0
vsup#branch                       -2.19441e-11

 Reference value :  3.35056e-08
 Reference value :  1.10050e-07
 Reference value :  1.83010e-07
 Reference value :  2.52090e-07
No. of Data Rows : 15020
t_rise              =  1.12933e-08 targ=  1.12799e-07 trig=  1.01505e-07
t_fall              =  9.80518e-09 targ=  2.11848e-07 trig=  2.02043e-07
t_xr                =  1.05234e-07
t_xf                =  2.05734e-07
t_xlast             =  2.05734e-07
v_xr                =  1.61885e+00
v_xf                =  1.61879e+00
m_trise_ns = 1.1293320000e+01
m_tfall_ns = 9.8051780000e+00
m_trf_ratio = 1.1517710336e+00
m_vcross_rise = 1.6188530000e+00
m_vcross_fall = 1.6187860000e+00
m_xing_extra_ps = 0.0000000000e+00
m_dp_over_mv = 4.2486154247e-01
m_dp_under_mv = -3.144800284e-01
Note: Simulation executed from .control section 

Warning: m=xx on .subckt line will override multiplier m hierarchy!

