
Note: Compatibility modes selected: hs a


Circuit: * driver-signal-quality @ ff_-40c_3.63v -- generated by sim/harness, do not edit

Doing analysis at TEMP = -40.000000 and TNOM = 27.000000

Using SPARSE 1.3 as Direct Linear Solver

Initial Transient Solution
--------------------------

Node                                   Voltage
----                                   -------
vdd                                       3.63
txdp                                         0
txdm                                      3.63
xdrv.dp_predrv                            3.63
xdrv.dp_gate                              3.63
xdrv.xrslewdp.11                          3.63
xdrv.xrslewdp.21                          3.63
xdrv.dp_outint                     8.66493e-10
dp                                 8.66493e-10
xdrv.dm_predrv                     2.86159e-09
xdrv.dm_gate                       2.86159e-09
xdrv.xrslewdm.11                   2.86159e-09
xdrv.xrslewdm.21                   2.86159e-09
xdrv.dm_outint                            3.63
dm                                        3.63
vtxdm#branch                                 0
vtxdp#branch                                 0
vsup#branch                       -3.70377e-11

 Reference value :  3.21056e-08
 Reference value :  1.07250e-07
 Reference value :  1.78790e-07
 Reference value :  2.43030e-07
No. of Data Rows : 15020
t_rise              =  1.08152e-08 targ=  1.12260e-07 trig=  1.01445e-07
t_fall              =  9.59342e-09 targ=  2.11593e-07 trig=  2.02000e-07
t_xr                =  1.05039e-07
t_xf                =  2.05539e-07
t_xlast             =  2.05539e-07
v_xr                =  1.80034e+00
v_xf                =  1.80061e+00
m_trise_ns = 1.0815220000e+01
m_tfall_ns = 9.5934160000e+00
m_trf_ratio = 1.1273585968e+00
m_vcross_rise = 1.8003400000e+00
m_vcross_fall = 1.8006080000e+00
m_xing_extra_ps = 0.0000000000e+00
m_dp_over_mv = 4.0584328054e-01
m_dp_under_mv = -3.136858624e-01
Note: Simulation executed from .control section 

Warning: m=xx on .subckt line will override multiplier m hierarchy!

