
Note: Compatibility modes selected: hs a


Circuit: * driver-signal-quality @ ff_-40c_2.97v -- generated by sim/harness, do not edit

Doing analysis at TEMP = -40.000000 and TNOM = 27.000000

Using SPARSE 1.3 as Direct Linear Solver

Initial Transient Solution
--------------------------

Node                                   Voltage
----                                   -------
vdd                                       2.97
txdp                                         0
txdm                                      2.97
xdrv.dp_predrv                            2.97
xdrv.dp_gate                              2.97
xdrv.xrslewdp.11                          2.97
xdrv.xrslewdp.21                          2.97
xdrv.dp_outint                     1.98265e-10
dp                                 1.98265e-10
xdrv.dm_predrv                     1.93567e-09
xdrv.dm_gate                       1.93567e-09
xdrv.xrslewdm.11                   1.93567e-09
xdrv.xrslewdm.21                   1.93567e-09
xdrv.dm_outint                            2.97
dm                                        2.97
vtxdm#branch                                 0
vtxdp#branch                                 0
vsup#branch                       -1.50006e-11

 Reference value :  3.30856e-08
 Reference value :  1.08630e-07
 Reference value :  1.84850e-07
 Reference value :  2.58270e-07
No. of Data Rows : 15020
t_rise              =  1.19409e-08 targ=  1.13528e-07 trig=  1.01588e-07
t_fall              =  1.01019e-08 targ=  2.12202e-07 trig=  2.02101e-07
t_xr                =  1.05498e-07
t_xf                =  2.05998e-07
t_xlast             =  2.05998e-07
v_xr                =  1.43669e+00
v_xf                =  1.43688e+00
m_trise_ns = 1.1940900000e+01
m_tfall_ns = 1.0101860000e+01
m_trf_ratio = 1.1820496423e+00
m_vcross_rise = 1.4366850000e+00
m_vcross_fall = 1.4368830000e+00
m_xing_extra_ps = 0.0000000000e+00
m_dp_over_mv = 4.4109522528e-01
m_dp_under_mv = -3.170445376e-01
Note: Simulation executed from .control section 

Warning: m=xx on .subckt line will override multiplier m hierarchy!

