
Note: Compatibility modes selected: hs a


Circuit: * driver-signal-quality @ ff_125c_3.63v -- generated by sim/harness, do not edit

Doing analysis at TEMP = 125.000000 and TNOM = 27.000000

Using SPARSE 1.3 as Direct Linear Solver

Initial Transient Solution
--------------------------

Node                                   Voltage
----                                   -------
vdd                                       3.63
txdp                                         0
txdm                                      3.63
xdrv.dp_predrv                         3.62999
xdrv.dp_gate                           3.62999
xdrv.xrslewdp.11                       3.62999
xdrv.xrslewdp.21                       3.62999
xdrv.dp_outint                     3.67963e-07
dp                                 3.67963e-07
xdrv.dm_predrv                     4.08603e-07
xdrv.dm_gate                       4.08603e-07
xdrv.xrslewdm.11                   4.08603e-07
xdrv.xrslewdm.21                   4.08603e-07
xdrv.dm_outint                         3.62999
dm                                     3.62999
vtxdm#branch                                 0
vtxdp#branch                                 0
vsup#branch                       -1.04234e-07

 Reference value :  3.05256e-08
 Reference value :  1.10090e-07
 Reference value :  1.85110e-07
 Reference value :  2.58190e-07
No. of Data Rows : 15020
t_rise              =  1.52246e-08 targ=  1.16986e-07 trig=  1.01761e-07
t_fall              =  1.37728e-08 targ=  2.16080e-07 trig=  2.02307e-07
t_xr                =  1.06500e-07
t_xf                =  2.07000e-07
t_xlast             =  2.07000e-07
v_xr                =  1.78796e+00
v_xf                =  1.78783e+00
m_trise_ns = 1.5224570000e+01
m_tfall_ns = 1.3772830000e+01
m_trf_ratio = 1.1054060785e+00
m_vcross_rise = 1.7879560000e+00
m_vcross_fall = 1.7878280000e+00
m_xing_extra_ps = 0.0000000000e+00
m_dp_over_mv = 2.5920300800e-01
m_dp_under_mv = -2.328720721e-01
Note: Simulation executed from .control section 

Warning: m=xx on .subckt line will override multiplier m hierarchy!

