
Note: Compatibility modes selected: hs a


Circuit: * driver-signal-quality @ ff_125c_3.30v -- generated by sim/harness, do not edit

Doing analysis at TEMP = 125.000000 and TNOM = 27.000000

Using SPARSE 1.3 as Direct Linear Solver

Initial Transient Solution
--------------------------

Node                                   Voltage
----                                   -------
vdd                                        3.3
txdp                                         0
txdm                                       3.3
xdrv.dp_predrv                             3.3
xdrv.dp_gate                               3.3
xdrv.xrslewdp.11                           3.3
xdrv.xrslewdp.21                           3.3
xdrv.dp_outint                     3.37845e-07
dp                                 3.37845e-07
xdrv.dm_predrv                     3.76683e-07
xdrv.dm_gate                       3.76683e-07
xdrv.xrslewdm.11                   3.76683e-07
xdrv.xrslewdm.21                   3.76683e-07
xdrv.dm_outint                         3.29999
dm                                     3.29999
vtxdm#branch                                 0
vtxdp#branch                                 0
vsup#branch                       -8.05991e-08

 Reference value :  2.96656e-08
 Reference value :  1.10870e-07
 Reference value :  1.84010e-07
 Reference value :  2.57010e-07
No. of Data Rows : 15020
t_rise              =  1.59104e-08 targ=  1.17751e-07 trig=  1.01841e-07
t_fall              =  1.41711e-08 targ=  2.16538e-07 trig=  2.02367e-07
t_xr                =  1.06769e-07
t_xf                =  2.07269e-07
t_xlast             =  2.07269e-07
v_xr                =  1.61209e+00
v_xf                =  1.61208e+00
m_trise_ns = 1.5910420000e+01
m_tfall_ns = 1.4171100000e+01
m_trf_ratio = 1.1227371199e+00
m_vcross_rise = 1.6120920000e+00
m_vcross_fall = 1.6120810000e+00
m_xing_extra_ps = 0.0000000000e+00
m_dp_over_mv = 2.7804140655e-01
m_dp_under_mv = -2.394779421e-01
Note: Simulation executed from .control section 

Warning: m=xx on .subckt line will override multiplier m hierarchy!

