
Note: Compatibility modes selected: hs a


Circuit: * driver-signal-quality @ ff_125c_2.97v -- generated by sim/harness, do not edit

Doing analysis at TEMP = 125.000000 and TNOM = 27.000000

Using SPARSE 1.3 as Direct Linear Solver

Initial Transient Solution
--------------------------

Node                                   Voltage
----                                   -------
vdd                                       2.97
txdp                                         0
txdm                                      2.97
xdrv.dp_predrv                            2.97
xdrv.dp_gate                              2.97
xdrv.xrslewdp.11                          2.97
xdrv.xrslewdp.21                          2.97
xdrv.dp_outint                     3.15919e-07
dp                                 3.15919e-07
xdrv.dm_predrv                     3.53537e-07
xdrv.dm_gate                       3.53537e-07
xdrv.xrslewdm.11                   3.53537e-07
xdrv.xrslewdm.21                   3.53537e-07
xdrv.dm_outint                            2.97
dm                                        2.97
vtxdm#branch                                 0
vtxdp#branch                                 0
vsup#branch                       -6.35538e-08

 Reference value :  3.01056e-08
 Reference value :  1.10610e-07
 Reference value :  1.84210e-07
 Reference value :  2.56130e-07
No. of Data Rows : 15020
t_rise              =  1.67921e-08 targ=  1.18736e-07 trig=  1.01944e-07
t_fall              =  1.46963e-08 targ=  2.17141e-07 trig=  2.02445e-07
t_xr                =  1.07120e-07
t_xf                =  2.07620e-07
t_xlast             =  2.07620e-07
v_xr                =  1.43706e+00
v_xf                =  1.43708e+00
m_trise_ns = 1.6792100000e+01
m_tfall_ns = 1.4696320000e+01
m_trf_ratio = 1.1426057680e+00
m_vcross_rise = 1.4370560000e+00
m_vcross_fall = 1.4370810000e+00
m_xing_extra_ps = 0.0000000000e+00
m_dp_over_mv = 2.9571968018e-01
m_dp_under_mv = -2.456950945e-01
Note: Simulation executed from .control section 

Warning: m=xx on .subckt line will override multiplier m hierarchy!

