
Note: Compatibility modes selected: hs a


Circuit: * driver-signal-quality @ ff_27c_3.30v -- generated by sim/harness, do not edit

Doing analysis at TEMP = 27.000000 and TNOM = 27.000000

Using SPARSE 1.3 as Direct Linear Solver

Initial Transient Solution
--------------------------

Node                                   Voltage
----                                   -------
vdd                                        3.3
txdp                                         0
txdm                                       3.3
xdrv.dp_predrv                             3.3
xdrv.dp_gate                               3.3
xdrv.xrslewdp.11                           3.3
xdrv.xrslewdp.21                           3.3
xdrv.dp_outint                     9.43576e-10
dp                                 9.43576e-10
xdrv.dm_predrv                     3.24498e-09
xdrv.dm_gate                       3.24498e-09
xdrv.xrslewdm.11                   3.24498e-09
xdrv.xrslewdm.21                   3.24498e-09
xdrv.dm_outint                             3.3
dm                                         3.3
vtxdm#branch                                 0
vtxdp#branch                                 0
vsup#branch                       -5.85647e-10

 Reference value :  2.98456e-08
 Reference value :  1.11310e-07
 Reference value :  1.85370e-07
 Reference value :  2.57850e-07
No. of Data Rows : 15020
t_rise              =  1.32841e-08 targ=  1.14936e-07 trig=  1.01652e-07
t_fall              =  1.15022e-08 targ=  2.13675e-07 trig=  2.02173e-07
t_xr                =  1.05862e-07
t_xf                =  2.06362e-07
t_xlast             =  2.06362e-07
v_xr                =  1.60334e+00
v_xf                =  1.60339e+00
m_trise_ns = 1.3284090000e+01
m_tfall_ns = 1.1502190000e+01
m_trf_ratio = 1.1549183242e+00
m_vcross_rise = 1.6033430000e+00
m_vcross_fall = 1.6033870000e+00
m_xing_extra_ps = 0.0000000000e+00
m_dp_over_mv = 3.6895217484e-01
m_dp_under_mv = -2.873570619e-01
Note: Simulation executed from .control section 

Warning: m=xx on .subckt line will override multiplier m hierarchy!

