
Note: Compatibility modes selected: hs a


Circuit: * driver-signal-quality @ ff_27c_3.63v -- generated by sim/harness, do not edit

Doing analysis at TEMP = 27.000000 and TNOM = 27.000000

Using SPARSE 1.3 as Direct Linear Solver

Initial Transient Solution
--------------------------

Node                                   Voltage
----                                   -------
vdd                                       3.63
txdp                                         0
txdm                                      3.63
xdrv.dp_predrv                            3.63
xdrv.dp_gate                              3.63
xdrv.xrslewdp.11                          3.63
xdrv.xrslewdp.21                          3.63
xdrv.dp_outint                     1.57247e-09
dp                                 1.57247e-09
xdrv.dm_predrv                     4.02017e-09
xdrv.dm_gate                       4.02017e-09
xdrv.xrslewdm.11                   4.02017e-09
xdrv.xrslewdm.21                   4.02017e-09
xdrv.dm_outint                            3.63
dm                                        3.63
vtxdm#branch                                 0
vtxdp#branch                                 0
vsup#branch                       -8.20067e-10

 Reference value :  3.03856e-08
 Reference value :  1.14610e-07
 Reference value :  1.88450e-07
 Reference value :  2.62270e-07
No. of Data Rows : 15020
t_rise              =  1.27187e-08 targ=  1.14302e-07 trig=  1.01583e-07
t_fall              =  1.12283e-08 targ=  2.13352e-07 trig=  2.02124e-07
t_xr                =  1.05639e-07
t_xf                =  2.06139e-07
t_xlast             =  2.06139e-07
v_xr                =  1.78168e+00
v_xf                =  1.78162e+00
m_trise_ns = 1.2718670000e+01
m_tfall_ns = 1.1228320000e+01
m_trf_ratio = 1.1327313436e+00
m_vcross_rise = 1.7816780000e+00
m_vcross_fall = 1.7816160000e+00
m_xing_extra_ps = 0.0000000000e+00
m_dp_over_mv = 3.5099814170e-01
m_dp_under_mv = -2.818593326e-01
Note: Simulation executed from .control section 

Warning: m=xx on .subckt line will override multiplier m hierarchy!

