
Note: Compatibility modes selected: hs a


Circuit: * driver-signal-quality @ ff_27c_2.97v -- generated by sim/harness, do not edit

Doing analysis at TEMP = 27.000000 and TNOM = 27.000000

Using SPARSE 1.3 as Direct Linear Solver

Initial Transient Solution
--------------------------

Node                                   Voltage
----                                   -------
vdd                                       2.97
txdp                                         0
txdm                                      2.97
xdrv.dp_predrv                            2.97
xdrv.dp_gate                              2.97
xdrv.xrslewdp.11                          2.97
xdrv.xrslewdp.21                          2.97
xdrv.dp_outint                     6.62256e-10
dp                                 6.62256e-10
xdrv.dm_predrv                     2.82539e-09
xdrv.dm_gate                       2.82539e-09
xdrv.xrslewdm.11                   2.82539e-09
xdrv.xrslewdm.21                   2.82539e-09
xdrv.dm_outint                            2.97
dm                                        2.97
vtxdm#branch                                 0
vtxdp#branch                                 0
vsup#branch                       -4.28804e-10

 Reference value :  3.08256e-08
 Reference value :  1.10930e-07
 Reference value :  1.86550e-07
 Reference value :  2.61310e-07
No. of Data Rows : 15020
t_rise              =  1.40343e-08 targ=  1.15778e-07 trig=  1.01744e-07
t_fall              =  1.18783e-08 targ=  2.14117e-07 trig=  2.02239e-07
t_xr                =  1.06161e-07
t_xf                =  2.06661e-07
t_xlast             =  2.06661e-07
v_xr                =  1.42525e+00
v_xf                =  1.42541e+00
m_trise_ns = 1.4034290000e+01
m_tfall_ns = 1.1878300000e+01
m_trf_ratio = 1.1815066129e+00
m_vcross_rise = 1.4252510000e+00
m_vcross_fall = 1.4254130000e+00
m_xing_extra_ps = 0.0000000000e+00
m_dp_over_mv = 3.8387244256e-01
m_dp_under_mv = -2.927085750e-01
Note: Simulation executed from .control section 

Warning: m=xx on .subckt line will override multiplier m hierarchy!

