
Note: Compatibility modes selected: hs a


Circuit: * driver-signal-quality @ fs_-40c_3.63v -- generated by sim/harness, do not edit

Doing analysis at TEMP = -40.000000 and TNOM = 27.000000

Using SPARSE 1.3 as Direct Linear Solver

Initial Transient Solution
--------------------------

Node                                   Voltage
----                                   -------
vdd                                       3.63
txdp                                         0
txdm                                      3.63
xdrv.dp_predrv                            3.63
xdrv.dp_gate                              3.63
xdrv.xrslewdp.11                          3.63
xdrv.xrslewdp.21                          3.63
xdrv.dp_outint                     4.83798e-10
dp                                 4.83798e-10
xdrv.dm_predrv                     2.51951e-09
xdrv.dm_gate                       2.51951e-09
xdrv.xrslewdm.11                   2.51951e-09
xdrv.xrslewdm.21                   2.51951e-09
xdrv.dm_outint                            3.63
dm                                        3.63
vtxdm#branch                                 0
vtxdp#branch                                 0
vsup#branch                       -2.47391e-11

 Reference value :  3.30856e-08
 Reference value :  1.05390e-07
 Reference value :  1.75770e-07
 Reference value :  2.47890e-07
No. of Data Rows : 15020
t_rise              =  1.30994e-08 targ=  1.14807e-07 trig=  1.01708e-07
t_fall              =  1.01307e-08 targ=  2.12259e-07 trig=  2.02128e-07
t_xr                =  1.05715e-07
t_xf                =  2.06215e-07
t_xlast             =  2.06215e-07
v_xr                =  1.66477e+00
v_xf                =  1.66502e+00
m_trise_ns = 1.3099380000e+01
m_tfall_ns = 1.0130720000e+01
m_trf_ratio = 1.2930354407e+00
m_vcross_rise = 1.6647680000e+00
m_vcross_fall = 1.6650160000e+00
m_xing_extra_ps = 0.0000000000e+00
m_dp_over_mv = 4.4063865322e-01
m_dp_under_mv = -4.018186252e-01
Note: Simulation executed from .control section 

Warning: m=xx on .subckt line will override multiplier m hierarchy!

