
Note: Compatibility modes selected: hs a


Circuit: * driver-signal-quality @ fs_-40c_2.97v -- generated by sim/harness, do not edit

Doing analysis at TEMP = -40.000000 and TNOM = 27.000000

Using SPARSE 1.3 as Direct Linear Solver

Initial Transient Solution
--------------------------

Node                                   Voltage
----                                   -------
vdd                                       2.97
txdp                                         0
txdm                                      2.97
xdrv.dp_predrv                            2.97
xdrv.dp_gate                              2.97
xdrv.xrslewdp.11                          2.97
xdrv.xrslewdp.21                          2.97
xdrv.dp_outint                     1.57223e-10
dp                                 1.57223e-10
xdrv.dm_predrv                     1.93805e-09
xdrv.dm_gate                       1.93805e-09
xdrv.xrslewdm.11                   1.93805e-09
xdrv.xrslewdm.21                   1.93805e-09
xdrv.dm_outint                            2.97
dm                                        2.97
vtxdm#branch                                 0
vtxdp#branch                                 0
vsup#branch                       -1.31959e-11

 Reference value :  3.24256e-08
 Reference value :  1.04150e-07
 Reference value :  1.75350e-07
 Reference value :  2.47250e-07
No. of Data Rows : 15020
t_rise              =  1.49948e-08 targ=  1.16941e-07 trig=  1.01947e-07
t_fall              =  1.06933e-08 targ=  2.12953e-07 trig=  2.02260e-07
t_xr                =  1.06376e-07
t_xf                =  2.06876e-07
t_xlast             =  2.06876e-07
v_xr                =  1.29683e+00
v_xf                =  1.29693e+00
m_trise_ns = 1.4994790000e+01
m_tfall_ns = 1.0693300000e+01
m_trf_ratio = 1.4022602938e+00
m_vcross_rise = 1.2968260000e+00
m_vcross_fall = 1.2969260000e+00
m_xing_extra_ps = 0.0000000000e+00
m_dp_over_mv = 4.8539525313e-01
m_dp_under_mv = -4.176234333e-01
Note: Simulation executed from .control section 

Warning: m=xx on .subckt line will override multiplier m hierarchy!

