
Note: Compatibility modes selected: hs a


Circuit: * driver-signal-quality @ fs_-40c_3.30v -- generated by sim/harness, do not edit

Doing analysis at TEMP = -40.000000 and TNOM = 27.000000

Using SPARSE 1.3 as Direct Linear Solver

Initial Transient Solution
--------------------------

Node                                   Voltage
----                                   -------
vdd                                        3.3
txdp                                         0
txdm                                       3.3
xdrv.dp_predrv                             3.3
xdrv.dp_gate                               3.3
xdrv.xrslewdp.11                           3.3
xdrv.xrslewdp.21                           3.3
xdrv.dp_outint                     2.49561e-10
dp                                 2.49561e-10
xdrv.dm_predrv                     2.15408e-09
xdrv.dm_gate                       2.15408e-09
xdrv.xrslewdm.11                   2.15408e-09
xdrv.xrslewdm.21                   2.15408e-09
xdrv.dm_outint                             3.3
dm                                         3.3
vtxdm#branch                                 0
vtxdp#branch                                 0
vsup#branch                       -1.69302e-11

 Reference value :  3.29656e-08
 Reference value :  1.05750e-07
 Reference value :  1.77650e-07
 Reference value :  2.50750e-07
No. of Data Rows : 15020
t_rise              =  1.38934e-08 targ=  1.15701e-07 trig=  1.01808e-07
t_fall              =  1.03654e-08 targ=  2.12549e-07 trig=  2.02184e-07
t_xr                =  1.05994e-07
t_xf                =  2.06494e-07
t_xlast             =  2.06494e-07
v_xr                =  1.48150e+00
v_xf                =  1.48157e+00
m_trise_ns = 1.3893410000e+01
m_tfall_ns = 1.0365430000e+01
m_trf_ratio = 1.3403602166e+00
m_vcross_rise = 1.4814950000e+00
m_vcross_fall = 1.4815730000e+00
m_xing_extra_ps = 0.0000000000e+00
m_dp_over_mv = 4.5733848369e-01
m_dp_under_mv = -4.124880382e-01
Note: Simulation executed from .control section 

Warning: m=xx on .subckt line will override multiplier m hierarchy!

