
Note: Compatibility modes selected: hs a


Circuit: * driver-signal-quality @ fs_125c_2.97v -- generated by sim/harness, do not edit

Doing analysis at TEMP = 125.000000 and TNOM = 27.000000

Using SPARSE 1.3 as Direct Linear Solver

Initial Transient Solution
--------------------------

Node                                   Voltage
----                                   -------
vdd                                       2.97
txdp                                         0
txdm                                      2.97
xdrv.dp_predrv                            2.97
xdrv.dp_gate                              2.97
xdrv.xrslewdp.11                          2.97
xdrv.xrslewdp.21                          2.97
xdrv.dp_outint                     4.90504e-09
dp                                 4.90504e-09
xdrv.dm_predrv                     8.18282e-09
xdrv.dm_gate                       8.18282e-09
xdrv.xrslewdm.11                   8.18282e-09
xdrv.xrslewdm.21                   8.18282e-09
xdrv.dm_outint                            2.97
dm                                        2.97
vtxdm#branch                                 0
vtxdp#branch                                 0
vsup#branch                       -3.34351e-08

 Reference value :  3.46456e-08
 Reference value :  1.06870e-07
 Reference value :  1.80870e-07
 Reference value :  2.57110e-07
No. of Data Rows : 15020
t_rise              =  2.09244e-08 targ=  1.23321e-07 trig=  1.02396e-07
t_fall              =  1.56952e-08 targ=  2.18345e-07 trig=  2.02650e-07
t_xr                =  1.08282e-07
t_xf                =  2.08782e-07
t_xlast             =  2.08782e-07
v_xr                =  1.31646e+00
v_xf                =  1.31642e+00
m_trise_ns = 2.0924370000e+01
m_tfall_ns = 1.5695250000e+01
m_trf_ratio = 1.3331657667e+00
m_vcross_rise = 1.3164600000e+00
m_vcross_fall = 1.3164240000e+00
m_xing_extra_ps = 0.0000000000e+00
m_dp_over_mv = 3.2626727031e-01
m_dp_under_mv = -3.504015717e-01
Note: Simulation executed from .control section 

Warning: m=xx on .subckt line will override multiplier m hierarchy!

