
Note: Compatibility modes selected: hs a


Circuit: * driver-signal-quality @ fs_125c_3.63v -- generated by sim/harness, do not edit

Doing analysis at TEMP = 125.000000 and TNOM = 27.000000

Using SPARSE 1.3 as Direct Linear Solver

Initial Transient Solution
--------------------------

Node                                   Voltage
----                                   -------
vdd                                       3.63
txdp                                         0
txdm                                      3.63
xdrv.dp_predrv                            3.63
xdrv.dp_gate                              3.63
xdrv.xrslewdp.11                          3.63
xdrv.xrslewdp.21                          3.63
xdrv.dp_outint                     5.90107e-09
dp                                 5.90107e-09
xdrv.dm_predrv                     9.48381e-09
xdrv.dm_gate                       9.48381e-09
xdrv.xrslewdm.11                   9.48381e-09
xdrv.xrslewdm.21                   9.48381e-09
xdrv.dm_outint                            3.63
dm                                        3.63
vtxdm#branch                                 0
vtxdp#branch                                 0
vsup#branch                       -5.52016e-08

 Reference value :  3.36456e-08
 Reference value :  1.05490e-07
 Reference value :  1.79590e-07
 Reference value :  2.54350e-07
No. of Data Rows : 15020
t_rise              =  1.84225e-08 targ=  1.20523e-07 trig=  1.02100e-07
t_fall              =  1.46883e-08 targ=  2.17161e-07 trig=  2.02473e-07
t_xr                =  1.07409e-07
t_xf                =  2.07909e-07
t_xlast             =  2.07909e-07
v_xr                =  1.66891e+00
v_xf                =  1.66909e+00
m_trise_ns = 1.8422510000e+01
m_tfall_ns = 1.4688330000e+01
m_trf_ratio = 1.2542276760e+00
m_vcross_rise = 1.6689140000e+00
m_vcross_fall = 1.6690890000e+00
m_xing_extra_ps = 0.0000000000e+00
m_dp_over_mv = 3.0021890399e-01
m_dp_under_mv = -3.356408773e-01
Note: Simulation executed from .control section 

Warning: m=xx on .subckt line will override multiplier m hierarchy!

