
Note: Compatibility modes selected: hs a


Circuit: * driver-signal-quality @ fs_125c_3.30v -- generated by sim/harness, do not edit

Doing analysis at TEMP = 125.000000 and TNOM = 27.000000

Using SPARSE 1.3 as Direct Linear Solver

Initial Transient Solution
--------------------------

Node                                   Voltage
----                                   -------
vdd                                        3.3
txdp                                         0
txdm                                       3.3
xdrv.dp_predrv                             3.3
xdrv.dp_gate                               3.3
xdrv.xrslewdp.11                           3.3
xdrv.xrslewdp.21                           3.3
xdrv.dp_outint                     5.25193e-09
dp                                 5.25193e-09
xdrv.dm_predrv                      8.6752e-09
xdrv.dm_gate                        8.6752e-09
xdrv.xrslewdm.11                    8.6752e-09
xdrv.xrslewdm.21                    8.6752e-09
xdrv.dm_outint                             3.3
dm                                         3.3
vtxdm#branch                                 0
vtxdp#branch                                 0
vsup#branch                       -4.25764e-08

 Reference value :  3.44856e-08
 Reference value :  1.06270e-07
 Reference value :  1.79750e-07
 Reference value :  2.54270e-07
No. of Data Rows : 15020
t_rise              =  1.94996e-08 targ=  1.21727e-07 trig=  1.02227e-07
t_fall              =  1.51225e-08 targ=  2.17671e-07 trig=  2.02549e-07
t_xr                =  1.07785e-07
t_xf                =  2.08285e-07
t_xlast             =  2.08285e-07
v_xr                =  1.49276e+00
v_xf                =  1.49267e+00
m_trise_ns = 1.9499610000e+01
m_tfall_ns = 1.5122470000e+01
m_trf_ratio = 1.2894461024e+00
m_vcross_rise = 1.4927630000e+00
m_vcross_fall = 1.4926720000e+00
m_xing_extra_ps = 0.0000000000e+00
m_dp_over_mv = 3.1203766861e-01
m_dp_under_mv = -3.432616412e-01
Note: Simulation executed from .control section 

Warning: m=xx on .subckt line will override multiplier m hierarchy!

