
Note: Compatibility modes selected: hs a


Circuit: * driver-signal-quality @ fs_27c_2.97v -- generated by sim/harness, do not edit

Doing analysis at TEMP = 27.000000 and TNOM = 27.000000

Using SPARSE 1.3 as Direct Linear Solver

Initial Transient Solution
--------------------------

Node                                   Voltage
----                                   -------
vdd                                       2.97
txdp                                         0
txdm                                      2.97
xdrv.dp_predrv                            2.97
xdrv.dp_gate                              2.97
xdrv.xrslewdp.11                          2.97
xdrv.xrslewdp.21                          2.97
xdrv.dp_outint                     1.94766e-10
dp                                 1.94766e-10
xdrv.dm_predrv                     2.36419e-09
xdrv.dm_gate                       2.36419e-09
xdrv.xrslewdm.11                   2.36419e-09
xdrv.xrslewdm.21                   2.36419e-09
xdrv.dm_outint                            2.97
dm                                        2.97
vtxdm#branch                                 0
vtxdp#branch                                 0
vsup#branch                       -2.11218e-10

 Reference value :  3.04656e-08
 Reference value :  1.06670e-07
 Reference value :  1.80090e-07
 Reference value :  2.56950e-07
No. of Data Rows : 15020
t_rise              =  1.75747e-08 targ=  1.19721e-07 trig=  1.02147e-07
t_fall              =  1.26259e-08 targ=  2.15044e-07 trig=  2.02418e-07
t_xr                =  1.07159e-07
t_xf                =  2.07659e-07
t_xlast             =  2.07659e-07
v_xr                =  1.29348e+00
v_xf                =  1.29334e+00
m_trise_ns = 1.7574710000e+01
m_tfall_ns = 1.2625920000e+01
m_trf_ratio = 1.3919548041e+00
m_vcross_rise = 1.2934840000e+00
m_vcross_fall = 1.2933410000e+00
m_xing_extra_ps = 0.0000000000e+00
m_dp_over_mv = 4.2456918899e-01
m_dp_under_mv = -3.954605525e-01
Note: Simulation executed from .control section 

Warning: m=xx on .subckt line will override multiplier m hierarchy!

