
Note: Compatibility modes selected: hs a


Circuit: * driver-signal-quality @ fs_27c_3.30v -- generated by sim/harness, do not edit

Doing analysis at TEMP = 27.000000 and TNOM = 27.000000

Using SPARSE 1.3 as Direct Linear Solver

Initial Transient Solution
--------------------------

Node                                   Voltage
----                                   -------
vdd                                        3.3
txdp                                         0
txdm                                       3.3
xdrv.dp_predrv                             3.3
xdrv.dp_gate                               3.3
xdrv.xrslewdp.11                           3.3
xdrv.xrslewdp.21                           3.3
xdrv.dp_outint                     3.05659e-10
dp                                 3.05659e-10
xdrv.dm_predrv                     2.60735e-09
xdrv.dm_gate                       2.60735e-09
xdrv.xrslewdm.11                   2.60735e-09
xdrv.xrslewdm.21                   2.60735e-09
xdrv.dm_outint                             3.3
dm                                         3.3
vtxdm#branch                                 0
vtxdp#branch                                 0
vsup#branch                       -2.85554e-10

 Reference value :  3.10656e-08
 Reference value :  1.06250e-07
 Reference value :  1.80650e-07
 Reference value :  2.56250e-07
No. of Data Rows : 15020
t_rise              =  1.63241e-08 targ=  1.18317e-07 trig=  1.01993e-07
t_fall              =  1.22122e-08 targ=  2.14543e-07 trig=  2.02331e-07
t_xr                =  1.06728e-07
t_xf                =  2.07228e-07
t_xlast             =  2.07228e-07
v_xr                =  1.47339e+00
v_xf                =  1.47360e+00
m_trise_ns = 1.6324140000e+01
m_tfall_ns = 1.2212180000e+01
m_trf_ratio = 1.3367097439e+00
m_vcross_rise = 1.4733890000e+00
m_vcross_fall = 1.4735970000e+00
m_xing_extra_ps = 0.0000000000e+00
m_dp_over_mv = 4.0633975889e-01
m_dp_under_mv = -3.835330446e-01
Note: Simulation executed from .control section 

Warning: m=xx on .subckt line will override multiplier m hierarchy!

