
Note: Compatibility modes selected: hs a


Circuit: * driver-signal-quality @ fs_27c_3.63v -- generated by sim/harness, do not edit

Doing analysis at TEMP = 27.000000 and TNOM = 27.000000

Using SPARSE 1.3 as Direct Linear Solver

Initial Transient Solution
--------------------------

Node                                   Voltage
----                                   -------
vdd                                       3.63
txdp                                         0
txdm                                      3.63
xdrv.dp_predrv                            3.63
xdrv.dp_gate                              3.63
xdrv.xrslewdp.11                          3.63
xdrv.xrslewdp.21                          3.63
xdrv.dp_outint                     5.85943e-10
dp                                 5.85943e-10
xdrv.dm_predrv                     3.02797e-09
xdrv.dm_gate                       3.02797e-09
xdrv.xrslewdm.11                   3.02797e-09
xdrv.xrslewdm.21                   3.02797e-09
xdrv.dm_outint                            3.63
dm                                        3.63
vtxdm#branch                                 0
vtxdp#branch                                 0
vsup#branch                       -3.95415e-10

 Reference value :  3.38456e-08
 Reference value :  1.07010e-07
 Reference value :  1.82050e-07
 Reference value :  2.58370e-07
No. of Data Rows : 15020
t_rise              =  1.54054e-08 targ=  1.17286e-07 trig=  1.01880e-07
t_fall              =  1.19104e-08 targ=  2.14178e-07 trig=  2.02267e-07
t_xr                =  1.06411e-07
t_xf                =  2.06911e-07
t_xlast             =  2.06911e-07
v_xr                =  1.65290e+00
v_xf                =  1.65295e+00
m_trise_ns = 1.5405440000e+01
m_tfall_ns = 1.1910360000e+01
m_trf_ratio = 1.2934487287e+00
m_vcross_rise = 1.6528970000e+00
m_vcross_fall = 1.6529450000e+00
m_xing_extra_ps = 0.0000000000e+00
m_dp_over_mv = 3.8381685624e-01
m_dp_under_mv = -3.772982998e-01
Note: Simulation executed from .control section 

Warning: m=xx on .subckt line will override multiplier m hierarchy!

