
Note: Compatibility modes selected: hs a


Circuit: * driver-signal-quality @ sf_-40c_3.63v -- generated by sim/harness, do not edit

Doing analysis at TEMP = -40.000000 and TNOM = 27.000000

Using SPARSE 1.3 as Direct Linear Solver

Initial Transient Solution
--------------------------

Node                                   Voltage
----                                   -------
vdd                                       3.63
txdp                                         0
txdm                                      3.63
xdrv.dp_predrv                            3.63
xdrv.dp_gate                              3.63
xdrv.xrslewdp.11                          3.63
xdrv.xrslewdp.21                          3.63
xdrv.dp_outint                     7.75071e-10
dp                                 7.75071e-10
xdrv.dm_predrv                     3.00868e-09
xdrv.dm_gate                       3.00868e-09
xdrv.xrslewdm.11                   3.00868e-09
xdrv.xrslewdm.21                   3.00868e-09
xdrv.dm_outint                            3.63
dm                                        3.63
vtxdm#branch                                 0
vtxdp#branch                                 0
vsup#branch                       -2.97983e-11

 Reference value :  2.95056e-08
 Reference value :  1.01170e-07
 Reference value :  1.73090e-07
 Reference value :  2.42850e-07
No. of Data Rows : 15020
t_rise              =  1.14333e-08 targ=  1.13002e-07 trig=  1.01568e-07
t_fall              =  1.14757e-08 targ=  2.13746e-07 trig=  2.02271e-07
t_xr                =  1.05773e-07
t_xf                =  2.06273e-07
t_xlast             =  2.06273e-07
v_xr                =  1.94036e+00
v_xf                =  1.94052e+00
m_trise_ns = 1.1433280000e+01
m_tfall_ns = 1.1475710000e+01
m_trf_ratio = 9.9630262528e-01
m_vcross_rise = 1.9403620000e+00
m_vcross_fall = 1.9405160000e+00
m_xing_extra_ps = 0.0000000000e+00
m_dp_over_mv = 5.5480591775e-01
m_dp_under_mv = -3.421089774e-01
Note: Simulation executed from .control section 

Warning: m=xx on .subckt line will override multiplier m hierarchy!

