
Note: Compatibility modes selected: hs a


Circuit: * driver-signal-quality @ sf_-40c_3.30v -- generated by sim/harness, do not edit

Doing analysis at TEMP = -40.000000 and TNOM = 27.000000

Using SPARSE 1.3 as Direct Linear Solver

Initial Transient Solution
--------------------------

Node                                   Voltage
----                                   -------
vdd                                        3.3
txdp                                         0
txdm                                       3.3
xdrv.dp_predrv                             3.3
xdrv.dp_gate                               3.3
xdrv.xrslewdp.11                           3.3
xdrv.xrslewdp.21                           3.3
xdrv.dp_outint                     3.66667e-10
dp                                 3.66667e-10
xdrv.dm_predrv                     2.46924e-09
xdrv.dm_gate                       2.46924e-09
xdrv.xrslewdm.11                   2.46924e-09
xdrv.xrslewdm.21                   2.46924e-09
xdrv.dm_outint                             3.3
dm                                         3.3
vtxdm#branch                                 0
vtxdp#branch                                 0
vsup#branch                        -1.8478e-11

 Reference value :  2.82456e-08
 Reference value :  1.00370e-07
 Reference value :  1.72710e-07
 Reference value :  2.45130e-07
No. of Data Rows : 15020
t_rise              =  1.19545e-08 targ=  1.13595e-07 trig=  1.01641e-07
t_fall              =  1.18431e-08 targ=  2.14179e-07 trig=  2.02336e-07
t_xr                =  1.06037e-07
t_xf                =  2.06537e-07
t_xlast             =  2.06537e-07
v_xr                =  1.75285e+00
v_xf                =  1.75284e+00
m_trise_ns = 1.1954530000e+01
m_tfall_ns = 1.1843090000e+01
m_trf_ratio = 1.0094097064e+00
m_vcross_rise = 1.7528510000e+00
m_vcross_fall = 1.7528360000e+00
m_xing_extra_ps = 0.0000000000e+00
m_dp_over_mv = 5.7751791235e-01
m_dp_under_mv = -3.514696168e-01
Note: Simulation executed from .control section 

Warning: m=xx on .subckt line will override multiplier m hierarchy!

