
Note: Compatibility modes selected: hs a


Circuit: * driver-signal-quality @ sf_-40c_2.97v -- generated by sim/harness, do not edit

Doing analysis at TEMP = -40.000000 and TNOM = 27.000000

Using SPARSE 1.3 as Direct Linear Solver

Initial Transient Solution
--------------------------

Node                                   Voltage
----                                   -------
vdd                                       2.97
txdp                                         0
txdm                                      2.97
xdrv.dp_predrv                            2.97
xdrv.dp_gate                              2.97
xdrv.xrslewdp.11                          2.97
xdrv.xrslewdp.21                          2.97
xdrv.dp_outint                     2.01739e-10
dp                                 2.01739e-10
xdrv.dm_predrv                     2.18547e-09
xdrv.dm_gate                       2.18547e-09
xdrv.xrslewdm.11                   2.18547e-09
xdrv.xrslewdm.21                   2.18547e-09
xdrv.dm_outint                            2.97
dm                                        2.97
vtxdm#branch                                 0
vtxdp#branch                                 0
vsup#branch                       -1.32772e-11

 Reference value :  2.81256e-08
 Reference value :  1.00070e-07
 Reference value :  1.71290e-07
 Reference value :  2.45010e-07
No. of Data Rows : 15020
t_rise              =  1.26625e-08 targ=  1.14402e-07 trig=  1.01739e-07
t_fall              =  1.23559e-08 targ=  2.14781e-07 trig=  2.02425e-07
t_xr                =  1.06398e-07
t_xf                =  2.06898e-07
t_xlast             =  2.06898e-07
v_xr                =  1.56514e+00
v_xf                =  1.56528e+00
m_trise_ns = 1.2662540000e+01
m_tfall_ns = 1.2355870000e+01
m_trf_ratio = 1.0248197820e+00
m_vcross_rise = 1.5651410000e+00
m_vcross_fall = 1.5652750000e+00
m_xing_extra_ps = 0.0000000000e+00
m_dp_over_mv = 5.9956511907e-01
m_dp_under_mv = -3.559481484e-01
Note: Simulation executed from .control section 

Warning: m=xx on .subckt line will override multiplier m hierarchy!

