
Note: Compatibility modes selected: hs a


Circuit: * driver-signal-quality @ sf_125c_2.97v -- generated by sim/harness, do not edit

Doing analysis at TEMP = 125.000000 and TNOM = 27.000000

Using SPARSE 1.3 as Direct Linear Solver

Initial Transient Solution
--------------------------

Node                                   Voltage
----                                   -------
vdd                                       2.97
txdp                                         0
txdm                                      2.97
xdrv.dp_predrv                            2.97
xdrv.dp_gate                              2.97
xdrv.xrslewdp.11                          2.97
xdrv.xrslewdp.21                          2.97
xdrv.dp_outint                     2.00939e-07
dp                                 2.00939e-07
xdrv.dm_predrv                     2.27764e-07
xdrv.dm_gate                       2.27764e-07
xdrv.xrslewdm.11                   2.27764e-07
xdrv.xrslewdm.21                   2.27764e-07
xdrv.dm_outint                            2.97
dm                                        2.97
vtxdm#branch                                 0
vtxdp#branch                                 0
vsup#branch                       -3.98898e-09

 Reference value :  2.98456e-08
 Reference value :  1.03590e-07
 Reference value :  1.73850e-07
 Reference value :  2.46150e-07
No. of Data Rows : 15020
t_rise              =  1.79291e-08 targ=  1.20073e-07 trig=  1.02144e-07
t_fall              =  1.80547e-08 targ=  2.20935e-07 trig=  2.02880e-07
t_xr                =  1.08329e-07
t_xf                =  2.08829e-07
t_xlast             =  2.08829e-07
v_xr                =  1.55715e+00
v_xf                =  1.55715e+00
m_trise_ns = 1.7929070000e+01
m_tfall_ns = 1.8054740000e+01
m_trf_ratio = 9.9303950098e-01
m_vcross_rise = 1.5571490000e+00
m_vcross_fall = 1.5571450000e+00
m_xing_extra_ps = 0.0000000000e+00
m_dp_over_mv = 4.5966302795e-01
m_dp_under_mv = -2.809889355e-01
Note: Simulation executed from .control section 

Warning: m=xx on .subckt line will override multiplier m hierarchy!

