
Note: Compatibility modes selected: hs a


Circuit: * driver-signal-quality @ sf_125c_3.30v -- generated by sim/harness, do not edit

Doing analysis at TEMP = 125.000000 and TNOM = 27.000000

Using SPARSE 1.3 as Direct Linear Solver

Initial Transient Solution
--------------------------

Node                                   Voltage
----                                   -------
vdd                                        3.3
txdp                                         0
txdm                                       3.3
xdrv.dp_predrv                             3.3
xdrv.dp_gate                               3.3
xdrv.xrslewdp.11                           3.3
xdrv.xrslewdp.21                           3.3
xdrv.dp_outint                     2.11979e-07
dp                                 2.11979e-07
xdrv.dm_predrv                     2.39401e-07
xdrv.dm_gate                       2.39401e-07
xdrv.xrslewdm.11                   2.39401e-07
xdrv.xrslewdm.21                   2.39401e-07
xdrv.dm_outint                             3.3
dm                                         3.3
vtxdm#branch                                 0
vtxdp#branch                                 0
vsup#branch                       -4.59987e-09

 Reference value :  2.73856e-08
 Reference value :  1.01070e-07
 Reference value :  1.71030e-07
 Reference value :  2.43150e-07
No. of Data Rows : 15020
t_rise              =  1.69742e-08 targ=  1.18994e-07 trig=  1.02020e-07
t_fall              =  1.72161e-08 targ=  2.19977e-07 trig=  2.02761e-07
t_xr                =  1.07857e-07
t_xf                =  2.08357e-07
t_xlast             =  2.08357e-07
v_xr                =  1.73724e+00
v_xf                =  1.73728e+00
m_trise_ns = 1.6974200000e+01
m_tfall_ns = 1.7216070000e+01
m_trf_ratio = 9.8595091679e-01
m_vcross_rise = 1.7372430000e+00
m_vcross_fall = 1.7372770000e+00
m_xing_extra_ps = 0.0000000000e+00
m_dp_over_mv = 4.4616642930e-01
m_dp_under_mv = -2.730377432e-01
Note: Simulation executed from .control section 

Warning: m=xx on .subckt line will override multiplier m hierarchy!

