
Note: Compatibility modes selected: hs a


Circuit: * driver-signal-quality @ sf_125c_3.63v -- generated by sim/harness, do not edit

Doing analysis at TEMP = 125.000000 and TNOM = 27.000000

Using SPARSE 1.3 as Direct Linear Solver

Initial Transient Solution
--------------------------

Node                                   Voltage
----                                   -------
vdd                                       3.63
txdp                                         0
txdm                                      3.63
xdrv.dp_predrv                            3.63
xdrv.dp_gate                              3.63
xdrv.xrslewdp.11                          3.63
xdrv.xrslewdp.21                          3.63
xdrv.dp_outint                     2.28212e-07
dp                                 2.28212e-07
xdrv.dm_predrv                     2.56662e-07
xdrv.dm_gate                       2.56662e-07
xdrv.xrslewdm.11                   2.56662e-07
xdrv.xrslewdm.21                   2.56662e-07
xdrv.dm_outint                            3.63
dm                                        3.63
vtxdm#branch                                 0
vtxdp#branch                                 0
vsup#branch                       -5.36966e-09

 Reference value :  2.85056e-08
 Reference value :  1.01790e-07
 Reference value :  1.71930e-07
 Reference value :  2.44890e-07
No. of Data Rows : 15020
t_rise              =  1.62347e-08 targ=  1.18160e-07 trig=  1.01926e-07
t_fall              =  1.65866e-08 targ=  2.19258e-07 trig=  2.02672e-07
t_xr                =  1.07499e-07
t_xf                =  2.07999e-07
t_xlast             =  2.07999e-07
v_xr                =  1.91832e+00
v_xf                =  1.91849e+00
m_trise_ns = 1.6234680000e+01
m_tfall_ns = 1.6586630000e+01
m_trf_ratio = 9.7878110261e-01
m_vcross_rise = 1.9183220000e+00
m_vcross_fall = 1.9184910000e+00
m_xing_extra_ps = 0.0000000000e+00
m_dp_over_mv = 4.3097584220e-01
m_dp_under_mv = -2.664553226e-01
Note: Simulation executed from .control section 

Warning: m=xx on .subckt line will override multiplier m hierarchy!

