
Note: Compatibility modes selected: hs a


Circuit: * driver-signal-quality @ sf_27c_2.97v -- generated by sim/harness, do not edit

Doing analysis at TEMP = 27.000000 and TNOM = 27.000000

Using SPARSE 1.3 as Direct Linear Solver

Initial Transient Solution
--------------------------

Node                                   Voltage
----                                   -------
vdd                                       2.97
txdp                                         0
txdm                                      2.97
xdrv.dp_predrv                            2.97
xdrv.dp_gate                              2.97
xdrv.xrslewdp.11                          2.97
xdrv.xrslewdp.21                          2.97
xdrv.dp_outint                     4.73176e-10
dp                                 4.73176e-10
xdrv.dm_predrv                     2.95449e-09
xdrv.dm_gate                       2.95449e-09
xdrv.xrslewdm.11                   2.95449e-09
xdrv.xrslewdm.21                   2.95449e-09
xdrv.dm_outint                            2.97
dm                                        2.97
vtxdm#branch                                 0
vtxdp#branch                                 0
vsup#branch                        -1.9844e-11

 Reference value :  2.87456e-08
 Reference value :  9.97056e-08
 Reference value :  1.71470e-07
 Reference value :  2.44870e-07
No. of Data Rows : 15020
t_rise              =  1.49276e-08 targ=  1.16843e-07 trig=  1.01915e-07
t_fall              =  1.45547e-08 targ=  2.17162e-07 trig=  2.02607e-07
t_xr                =  1.07192e-07
t_xf                =  2.07692e-07
t_xlast             =  2.07692e-07
v_xr                =  1.55072e+00
v_xf                =  1.55077e+00
m_trise_ns = 1.4927580000e+01
m_tfall_ns = 1.4554720000e+01
m_trf_ratio = 1.0256178065e+00
m_vcross_rise = 1.5507230000e+00
m_vcross_fall = 1.5507670000e+00
m_xing_extra_ps = 0.0000000000e+00
m_dp_over_mv = 5.4096710420e-01
m_dp_under_mv = -3.300162181e-01
Note: Simulation executed from .control section 

Warning: m=xx on .subckt line will override multiplier m hierarchy!

