
Note: Compatibility modes selected: hs a


Circuit: * driver-signal-quality @ sf_27c_3.63v -- generated by sim/harness, do not edit

Doing analysis at TEMP = 27.000000 and TNOM = 27.000000

Using SPARSE 1.3 as Direct Linear Solver

Initial Transient Solution
--------------------------

Node                                   Voltage
----                                   -------
vdd                                       3.63
txdp                                         0
txdm                                      3.63
xdrv.dp_predrv                            3.63
xdrv.dp_gate                              3.63
xdrv.xrslewdp.11                          3.63
xdrv.xrslewdp.21                          3.63
xdrv.dp_outint                     1.22085e-09
dp                                 1.22085e-09
xdrv.dm_predrv                     3.97046e-09
xdrv.dm_gate                       3.97046e-09
xdrv.xrslewdm.11                   3.97046e-09
xdrv.xrslewdm.21                   3.97046e-09
xdrv.dm_outint                            3.63
dm                                        3.63
vtxdm#branch                                 0
vtxdp#branch                                 0
vsup#branch                       -3.94183e-11

 Reference value :  2.89656e-08
 Reference value :  1.00430e-07
 Reference value :  1.73170e-07
 Reference value :  2.46410e-07
No. of Data Rows : 15020
t_rise              =  1.34966e-08 targ=  1.15220e-07 trig=  1.01723e-07
t_fall              =  1.34655e-08 targ=  2.15897e-07 trig=  2.02431e-07
t_xr                =  1.06483e-07
t_xf                =  2.06983e-07
t_xlast             =  2.06983e-07
v_xr                =  1.91785e+00
v_xf                =  1.91787e+00
m_trise_ns = 1.3496580000e+01
m_tfall_ns = 1.3465530000e+01
m_trf_ratio = 1.0023058877e+00
m_vcross_rise = 1.9178470000e+00
m_vcross_fall = 1.9178680000e+00
m_xing_extra_ps = 0.0000000000e+00
m_dp_over_mv = 5.0760472668e-01
m_dp_under_mv = -3.115151529e-01
Note: Simulation executed from .control section 

Warning: m=xx on .subckt line will override multiplier m hierarchy!

