
Note: Compatibility modes selected: hs a


Circuit: * driver-signal-quality @ sf_27c_3.30v -- generated by sim/harness, do not edit

Doing analysis at TEMP = 27.000000 and TNOM = 27.000000

Using SPARSE 1.3 as Direct Linear Solver

Initial Transient Solution
--------------------------

Node                                   Voltage
----                                   -------
vdd                                        3.3
txdp                                         0
txdm                                       3.3
xdrv.dp_predrv                             3.3
xdrv.dp_gate                               3.3
xdrv.xrslewdp.11                           3.3
xdrv.xrslewdp.21                           3.3
xdrv.dp_outint                     6.96338e-10
dp                                 6.96338e-10
xdrv.dm_predrv                     3.30464e-09
xdrv.dm_gate                       3.30464e-09
xdrv.xrslewdm.11                   3.30464e-09
xdrv.xrslewdm.21                   3.30464e-09
xdrv.dm_outint                             3.3
dm                                         3.3
vtxdm#branch                                 0
vtxdp#branch                                 0
vsup#branch                       -2.64247e-11

 Reference value :  2.88256e-08
 Reference value :  9.96456e-08
 Reference value :  1.71190e-07
 Reference value :  2.43730e-07
No. of Data Rows : 15020
t_rise              =  1.41104e-08 targ=  1.15915e-07 trig=  1.01805e-07
t_fall              =  1.39241e-08 targ=  2.16430e-07 trig=  2.02506e-07
t_xr                =  1.06784e-07
t_xf                =  2.07284e-07
t_xlast             =  2.07284e-07
v_xr                =  1.73392e+00
v_xf                =  1.73413e+00
m_trise_ns = 1.4110380000e+01
m_tfall_ns = 1.3924140000e+01
m_trf_ratio = 1.0133753323e+00
m_vcross_rise = 1.7339220000e+00
m_vcross_fall = 1.7341290000e+00
m_xing_extra_ps = 0.0000000000e+00
m_dp_over_mv = 5.2507733382e-01
m_dp_under_mv = -3.175316446e-01
Note: Simulation executed from .control section 

Warning: m=xx on .subckt line will override multiplier m hierarchy!

