
Note: Compatibility modes selected: hs a


Circuit: * driver-signal-quality @ ss_-40c_3.30v -- generated by sim/harness, do not edit

Doing analysis at TEMP = -40.000000 and TNOM = 27.000000

Using SPARSE 1.3 as Direct Linear Solver

Initial Transient Solution
--------------------------

Node                                   Voltage
----                                   -------
vdd                                        3.3
txdp                                         0
txdm                                       3.3
xdrv.dp_predrv                             3.3
xdrv.dp_gate                               3.3
xdrv.xrslewdp.11                           3.3
xdrv.xrslewdp.21                           3.3
xdrv.dp_outint                     2.48516e-10
dp                                 2.48516e-10
xdrv.dm_predrv                     2.40046e-09
xdrv.dm_gate                       2.40046e-09
xdrv.xrslewdm.11                   2.40046e-09
xdrv.xrslewdm.21                   2.40046e-09
xdrv.dm_outint                             3.3
dm                                         3.3
vtxdm#branch                                 0
vtxdp#branch                                 0
vsup#branch                       -1.54656e-11

 Reference value :  3.30456e-08
 Reference value :  1.06190e-07
 Reference value :  1.79310e-07
 Reference value :  2.50670e-07
No. of Data Rows : 15020
t_rise              =  1.47567e-08 targ=  1.16741e-07 trig=  1.01984e-07
t_fall              =  1.25503e-08 targ=  2.15064e-07 trig=  2.02514e-07
t_xr                =  1.06997e-07
t_xf                =  2.07497e-07
t_xlast             =  2.07497e-07
v_xr                =  1.61369e+00
v_xf                =  1.61364e+00
m_trise_ns = 1.4756700000e+01
m_tfall_ns = 1.2550310000e+01
m_trf_ratio = 1.1758036256e+00
m_vcross_rise = 1.6136920000e+00
m_vcross_fall = 1.6136410000e+00
m_xing_extra_ps = 0.0000000000e+00
m_dp_over_mv = 6.3857850603e-01
m_dp_under_mv = -4.581942517e-01
Note: Simulation executed from .control section 

Warning: m=xx on .subckt line will override multiplier m hierarchy!

