
Note: Compatibility modes selected: hs a


Circuit: * driver-signal-quality @ ss_-40c_3.63v -- generated by sim/harness, do not edit

Doing analysis at TEMP = -40.000000 and TNOM = 27.000000

Using SPARSE 1.3 as Direct Linear Solver

Initial Transient Solution
--------------------------

Node                                   Voltage
----                                   -------
vdd                                       3.63
txdp                                         0
txdm                                      3.63
xdrv.dp_predrv                            3.63
xdrv.dp_gate                              3.63
xdrv.xrslewdp.11                          3.63
xdrv.xrslewdp.21                          3.63
xdrv.dp_outint                     4.51371e-10
dp                                 4.51371e-10
xdrv.dm_predrv                     2.73092e-09
xdrv.dm_gate                       2.73092e-09
xdrv.xrslewdm.11                   2.73092e-09
xdrv.xrslewdm.21                   2.73092e-09
xdrv.dm_outint                            3.63
dm                                        3.63
vtxdm#branch                                 0
vtxdp#branch                                 0
vsup#branch                       -2.17016e-11

 Reference value :  3.53256e-08
 Reference value :  1.08010e-07
 Reference value :  1.79690e-07
 Reference value :  2.52910e-07
No. of Data Rows : 15020
t_rise              =  1.38907e-08 targ=  1.15759e-07 trig=  1.01868e-07
t_fall              =  1.21454e-08 targ=  2.14577e-07 trig=  2.02432e-07
t_xr                =  1.06622e-07
t_xf                =  2.07122e-07
t_xlast             =  2.07122e-07
v_xr                =  1.80321e+00
v_xf                =  1.80335e+00
m_trise_ns = 1.3890690000e+01
m_tfall_ns = 1.2145370000e+01
m_trf_ratio = 1.1437024973e+00
m_vcross_rise = 1.8032070000e+00
m_vcross_fall = 1.8033470000e+00
m_xing_extra_ps = 0.0000000000e+00
m_dp_over_mv = 6.0730835978e-01
m_dp_under_mv = -4.476297538e-01
Note: Simulation executed from .control section 

Warning: m=xx on .subckt line will override multiplier m hierarchy!

