
Note: Compatibility modes selected: hs a


Circuit: * driver-signal-quality @ ss_-40c_2.97v -- generated by sim/harness, do not edit

Doing analysis at TEMP = -40.000000 and TNOM = 27.000000

Using SPARSE 1.3 as Direct Linear Solver

Initial Transient Solution
--------------------------

Node                                   Voltage
----                                   -------
vdd                                       2.97
txdp                                         0
txdm                                      2.97
xdrv.dp_predrv                            2.97
xdrv.dp_gate                              2.97
xdrv.xrslewdp.11                          2.97
xdrv.xrslewdp.21                          2.97
xdrv.dp_outint                     1.69183e-10
dp                                 1.69183e-10
xdrv.dm_predrv                     2.20594e-09
xdrv.dm_gate                       2.20594e-09
xdrv.xrslewdm.11                   2.20594e-09
xdrv.xrslewdm.21                   2.20594e-09
xdrv.dm_outint                            2.97
dm                                        2.97
vtxdm#branch                                 0
vtxdp#branch                                 0
vsup#branch                       -1.24957e-11

 Reference value :  3.09256e-08
 Reference value :  1.04130e-07
 Reference value :  1.76430e-07
 Reference value :  2.46550e-07
No. of Data Rows : 15020
t_rise              =  1.59630e-08 targ=  1.18109e-07 trig=  1.02146e-07
t_fall              =  1.31155e-08 targ=  2.15742e-07 trig=  2.02627e-07
t_xr                =  1.07516e-07
t_xf                =  2.08016e-07
t_xlast             =  2.08016e-07
v_xr                =  1.42276e+00
v_xf                =  1.42289e+00
m_trise_ns = 1.5962960000e+01
m_tfall_ns = 1.3115460000e+01
m_trf_ratio = 1.2171101890e+00
m_vcross_rise = 1.4227600000e+00
m_vcross_fall = 1.4228900000e+00
m_xing_extra_ps = 0.0000000000e+00
m_dp_over_mv = 6.5005214268e-01
m_dp_under_mv = -4.765704523e-01
Note: Simulation executed from .control section 

Warning: m=xx on .subckt line will override multiplier m hierarchy!

