
Note: Compatibility modes selected: hs a


Circuit: * driver-signal-quality @ ss_125c_3.30v -- generated by sim/harness, do not edit

Doing analysis at TEMP = 125.000000 and TNOM = 27.000000

Using SPARSE 1.3 as Direct Linear Solver

Initial Transient Solution
--------------------------

Node                                   Voltage
----                                   -------
vdd                                        3.3
txdp                                         0
txdm                                       3.3
xdrv.dp_predrv                             3.3
xdrv.dp_gate                               3.3
xdrv.xrslewdp.11                           3.3
xdrv.xrslewdp.21                           3.3
xdrv.dp_outint                     3.76184e-09
dp                                 3.76184e-09
xdrv.dm_predrv                     7.55697e-09
xdrv.dm_gate                       7.55697e-09
xdrv.xrslewdm.11                   7.55697e-09
xdrv.xrslewdm.21                   7.55697e-09
xdrv.dm_outint                             3.3
dm                                         3.3
vtxdm#branch                                 0
vtxdp#branch                                 0
vsup#branch                       -8.89081e-10

 Reference value :  2.75656e-08
 Reference value :  1.03110e-07
 Reference value :  1.73870e-07
 Reference value :  2.45630e-07
No. of Data Rows : 15020
t_rise              =  2.07881e-08 targ=  1.23243e-07 trig=  1.02455e-07
t_fall              =  1.83541e-08 targ=  2.21346e-07 trig=  2.02991e-07
t_xr                =  1.09093e-07
t_xf                =  2.09593e-07
t_xlast             =  2.09593e-07
v_xr                =  1.61623e+00
v_xf                =  1.61636e+00
m_trise_ns = 2.0788100000e+01
m_tfall_ns = 1.8354120000e+01
m_trf_ratio = 1.1326121873e+00
m_vcross_rise = 1.6162340000e+00
m_vcross_fall = 1.6163580000e+00
m_xing_extra_ps = 0.0000000000e+00
m_dp_over_mv = 4.8159331160e-01
m_dp_under_mv = -3.856050807e-01
Note: Simulation executed from .control section 

Warning: m=xx on .subckt line will override multiplier m hierarchy!

