
Note: Compatibility modes selected: hs a


Circuit: * driver-signal-quality @ ss_125c_3.63v -- generated by sim/harness, do not edit

Doing analysis at TEMP = 125.000000 and TNOM = 27.000000

Using SPARSE 1.3 as Direct Linear Solver

Initial Transient Solution
--------------------------

Node                                   Voltage
----                                   -------
vdd                                       3.63
txdp                                         0
txdm                                      3.63
xdrv.dp_predrv                            3.63
xdrv.dp_gate                              3.63
xdrv.xrslewdp.11                          3.63
xdrv.xrslewdp.21                          3.63
xdrv.dp_outint                     4.22595e-09
dp                                 4.22595e-09
xdrv.dm_predrv                     8.16551e-09
xdrv.dm_gate                       8.16551e-09
xdrv.xrslewdm.11                   8.16551e-09
xdrv.xrslewdm.21                   8.16551e-09
xdrv.dm_outint                            3.63
dm                                        3.63
vtxdm#branch                                 0
vtxdp#branch                                 0
vsup#branch                       -1.10098e-09

 Reference value :  3.05856e-08
 Reference value :  1.02950e-07
 Reference value :  1.73830e-07
 Reference value :  2.45590e-07
No. of Data Rows : 15020
t_rise              =  1.96250e-08 targ=  1.21933e-07 trig=  1.02308e-07
t_fall              =  1.76695e-08 targ=  2.20550e-07 trig=  2.02881e-07
t_xr                =  1.08601e-07
t_xf                =  2.09101e-07
t_xlast             =  2.09101e-07
v_xr                =  1.79812e+00
v_xf                =  1.79811e+00
m_trise_ns = 1.9624960000e+01
m_tfall_ns = 1.7669470000e+01
m_trf_ratio = 1.1106705521e+00
m_vcross_rise = 1.7981160000e+00
m_vcross_fall = 1.7981090000e+00
m_xing_extra_ps = 0.0000000000e+00
m_dp_over_mv = 4.6818139602e-01
m_dp_under_mv = -3.735477708e-01
Note: Simulation executed from .control section 

Warning: m=xx on .subckt line will override multiplier m hierarchy!

