
Note: Compatibility modes selected: hs a


Circuit: * driver-signal-quality @ ss_125c_2.97v -- generated by sim/harness, do not edit

Doing analysis at TEMP = 125.000000 and TNOM = 27.000000

Using SPARSE 1.3 as Direct Linear Solver

Initial Transient Solution
--------------------------

Node                                   Voltage
----                                   -------
vdd                                       2.97
txdp                                         0
txdm                                      2.97
xdrv.dp_predrv                            2.97
xdrv.dp_gate                              2.97
xdrv.xrslewdp.11                          2.97
xdrv.xrslewdp.21                          2.97
xdrv.dp_outint                     3.55298e-09
dp                                 3.55298e-09
xdrv.dm_predrv                     7.22415e-09
xdrv.dm_gate                       7.22415e-09
xdrv.xrslewdm.11                   7.22415e-09
xdrv.xrslewdm.21                   7.22415e-09
xdrv.dm_outint                            2.97
dm                                        2.97
vtxdm#branch                                 0
vtxdp#branch                                 0
vsup#branch                       -7.30464e-10

 Reference value :  2.71056e-08
 Reference value :  1.02710e-07
 Reference value :  1.74030e-07
 Reference value :  2.46210e-07
No. of Data Rows : 15020
t_rise              =  2.23344e-08 targ=  1.24987e-07 trig=  1.02653e-07
t_fall              =  1.92679e-08 targ=  2.22408e-07 trig=  2.03140e-07
t_xr                =  1.09754e-07
t_xf                =  2.10254e-07
t_xlast             =  2.10254e-07
v_xr                =  1.43447e+00
v_xf                =  1.43452e+00
m_trise_ns = 2.2334390000e+01
m_tfall_ns = 1.9267850000e+01
m_trf_ratio = 1.1591532008e+00
m_vcross_rise = 1.4344720000e+00
m_vcross_fall = 1.4345180000e+00
m_xing_extra_ps = 0.0000000000e+00
m_dp_over_mv = 4.8287188284e-01
m_dp_under_mv = -3.972262105e-01
Note: Simulation executed from .control section 

Warning: m=xx on .subckt line will override multiplier m hierarchy!

