
Note: Compatibility modes selected: hs a


Circuit: * driver-signal-quality @ ss_27c_3.30v -- generated by sim/harness, do not edit

Doing analysis at TEMP = 27.000000 and TNOM = 27.000000

Using SPARSE 1.3 as Direct Linear Solver

Initial Transient Solution
--------------------------

Node                                   Voltage
----                                   -------
vdd                                        3.3
txdp                                         0
txdm                                       3.3
xdrv.dp_predrv                             3.3
xdrv.dp_gate                               3.3
xdrv.xrslewdp.11                           3.3
xdrv.xrslewdp.21                           3.3
xdrv.dp_outint                     3.09327e-10
dp                                 3.09327e-10
xdrv.dm_predrv                     2.95605e-09
xdrv.dm_gate                       2.95605e-09
xdrv.xrslewdm.11                   2.95605e-09
xdrv.xrslewdm.21                   2.95605e-09
xdrv.dm_outint                             3.3
dm                                         3.3
vtxdm#branch                                 0
vtxdp#branch                                 0
vsup#branch                       -1.72414e-11

 Reference value :  3.48456e-08
 Reference value :  1.06970e-07
 Reference value :  1.78170e-07
 Reference value :  2.50370e-07
No. of Data Rows : 15020
t_rise              =  1.73631e-08 targ=  1.19553e-07 trig=  1.02190e-07
t_fall              =  1.47944e-08 targ=  2.17500e-07 trig=  2.02705e-07
t_xr                =  1.07857e-07
t_xf                =  2.08357e-07
t_xlast             =  2.08357e-07
v_xr                =  1.60179e+00
v_xf                =  1.60179e+00
m_trise_ns = 1.7363090000e+01
m_tfall_ns = 1.4794360000e+01
m_trf_ratio = 1.1736290046e+00
m_vcross_rise = 1.6017860000e+00
m_vcross_fall = 1.6017890000e+00
m_xing_extra_ps = 0.0000000000e+00
m_dp_over_mv = 5.7839008390e-01
m_dp_under_mv = -4.298429708e-01
Note: Simulation executed from .control section 

Warning: m=xx on .subckt line will override multiplier m hierarchy!

