
Note: Compatibility modes selected: hs a


Circuit: * driver-signal-quality @ ss_27c_2.97v -- generated by sim/harness, do not edit

Doing analysis at TEMP = 27.000000 and TNOM = 27.000000

Using SPARSE 1.3 as Direct Linear Solver

Initial Transient Solution
--------------------------

Node                                   Voltage
----                                   -------
vdd                                       2.97
txdp                                         0
txdm                                      2.97
xdrv.dp_predrv                            2.97
xdrv.dp_gate                              2.97
xdrv.xrslewdp.11                          2.97
xdrv.xrslewdp.21                          2.97
xdrv.dp_outint                     2.12779e-10
dp                                 2.12779e-10
xdrv.dm_predrv                     2.73871e-09
xdrv.dm_gate                       2.73871e-09
xdrv.xrslewdm.11                   2.73871e-09
xdrv.xrslewdm.21                   2.73871e-09
xdrv.dm_outint                            2.97
dm                                        2.97
vtxdm#branch                                 0
vtxdp#branch                                 0
vsup#branch                        -1.3848e-11

 Reference value :  3.54456e-08
 Reference value :  1.07430e-07
 Reference value :  1.78570e-07
 Reference value :  2.51810e-07
No. of Data Rows : 15020
t_rise              =  1.87276e-08 targ=  1.21097e-07 trig=  1.02370e-07
t_fall              =  1.54863e-08 targ=  2.18320e-07 trig=  2.02833e-07
t_xr                =  1.08437e-07
t_xf                =  2.08937e-07
t_xlast             =  2.08937e-07
v_xr                =  1.41589e+00
v_xf                =  1.41600e+00
m_trise_ns = 1.8727630000e+01
m_tfall_ns = 1.5486300000e+01
m_trf_ratio = 1.2093030614e+00
m_vcross_rise = 1.4158880000e+00
m_vcross_fall = 1.4160000000e+00
m_xing_extra_ps = 0.0000000000e+00
m_dp_over_mv = 5.9420556624e-01
m_dp_under_mv = -4.440818922e-01
Note: Simulation executed from .control section 

Warning: m=xx on .subckt line will override multiplier m hierarchy!

