
Note: Compatibility modes selected: hs a


Circuit: * driver-signal-quality @ ss_27c_3.63v -- generated by sim/harness, do not edit

Doing analysis at TEMP = 27.000000 and TNOM = 27.000000

Using SPARSE 1.3 as Direct Linear Solver

Initial Transient Solution
--------------------------

Node                                   Voltage
----                                   -------
vdd                                       3.63
txdp                                         0
txdm                                      3.63
xdrv.dp_predrv                            3.63
xdrv.dp_gate                              3.63
xdrv.xrslewdp.11                          3.63
xdrv.xrslewdp.21                          3.63
xdrv.dp_outint                     5.55891e-10
dp                                 5.55891e-10
xdrv.dm_predrv                     3.33762e-09
xdrv.dm_gate                       3.33762e-09
xdrv.xrslewdm.11                   3.33762e-09
xdrv.xrslewdm.21                   3.33762e-09
xdrv.dm_outint                            3.63
dm                                        3.63
vtxdm#branch                                 0
vtxdp#branch                                 0
vsup#branch                       -2.38255e-11

 Reference value :  3.52456e-08
 Reference value :  1.07630e-07
 Reference value :  1.78630e-07
 Reference value :  2.51950e-07
No. of Data Rows : 15020
t_rise              =  1.63652e-08 targ=  1.18425e-07 trig=  1.02060e-07
t_fall              =  1.42913e-08 targ=  2.16903e-07 trig=  2.02612e-07
t_xr                =  1.07434e-07
t_xf                =  2.07934e-07
t_xlast             =  2.07934e-07
v_xr                =  1.78715e+00
v_xf                =  1.78704e+00
m_trise_ns = 1.6365200000e+01
m_tfall_ns = 1.4291310000e+01
m_trf_ratio = 1.1451154583e+00
m_vcross_rise = 1.7871530000e+00
m_vcross_fall = 1.7870420000e+00
m_xing_extra_ps = 0.0000000000e+00
m_dp_over_mv = 5.5604630922e-01
m_dp_under_mv = -4.169420854e-01
Note: Simulation executed from .control section 

Warning: m=xx on .subckt line will override multiplier m hierarchy!

