
Note: Compatibility modes selected: hs a


Circuit: * driver-signal-quality @ tt_-40c_3.30v -- generated by sim/harness, do not edit

Doing analysis at TEMP = -40.000000 and TNOM = 27.000000

Using SPARSE 1.3 as Direct Linear Solver

Initial Transient Solution
--------------------------

Node                                   Voltage
----                                   -------
vdd                                        3.3
txdp                                         0
txdm                                       3.3
xdrv.dp_predrv                             3.3
xdrv.dp_gate                               3.3
xdrv.xrslewdp.11                           3.3
xdrv.xrslewdp.21                           3.3
xdrv.dp_outint                     2.99128e-10
dp                                 2.99128e-10
xdrv.dm_predrv                     2.29851e-09
xdrv.dm_gate                       2.29851e-09
xdrv.xrslewdm.11                   2.29851e-09
xdrv.xrslewdm.21                   2.29851e-09
xdrv.dm_outint                             3.3
dm                                         3.3
vtxdm#branch                                 0
vtxdp#branch                                 0
vsup#branch                        -1.7273e-11

 Reference value :  3.13256e-08
 Reference value :  1.08050e-07
 Reference value :  1.83650e-07
 Reference value :  2.60350e-07
No. of Data Rows : 15020
t_rise              =  1.28385e-08 targ=  1.14550e-07 trig=  1.01711e-07
t_fall              =  1.10230e-08 targ=  2.13270e-07 trig=  2.02247e-07
t_xr                =  1.05986e-07
t_xf                =  2.06486e-07
t_xlast             =  2.06486e-07
v_xr                =  1.61646e+00
v_xf                =  1.61650e+00
m_trise_ns = 1.2838500000e+01
m_tfall_ns = 1.1023030000e+01
m_trf_ratio = 1.1646979097e+00
m_vcross_rise = 1.6164610000e+00
m_vcross_fall = 1.6164990000e+00
m_xing_extra_ps = 0.0000000000e+00
m_dp_over_mv = 5.2497318794e-01
m_dp_under_mv = -3.858626398e-01
Note: Simulation executed from .control section 

Warning: m=xx on .subckt line will override multiplier m hierarchy!

