
Note: Compatibility modes selected: hs a


Circuit: * driver-signal-quality @ tt_-40c_2.97v -- generated by sim/harness, do not edit

Doing analysis at TEMP = -40.000000 and TNOM = 27.000000

Using SPARSE 1.3 as Direct Linear Solver

Initial Transient Solution
--------------------------

Node                                   Voltage
----                                   -------
vdd                                       2.97
txdp                                         0
txdm                                      2.97
xdrv.dp_predrv                            2.97
xdrv.dp_gate                              2.97
xdrv.xrslewdp.11                          2.97
xdrv.xrslewdp.21                          2.97
xdrv.dp_outint                     1.76316e-10
dp                                 1.76316e-10
xdrv.dm_predrv                     2.05406e-09
xdrv.dm_gate                       2.05406e-09
xdrv.xrslewdm.11                   2.05406e-09
xdrv.xrslewdm.21                   2.05406e-09
xdrv.dm_outint                            2.97
dm                                        2.97
vtxdm#branch                                 0
vtxdp#branch                                 0
vsup#branch                       -1.29826e-11

 Reference value :  3.10256e-08
 Reference value :  1.08130e-07
 Reference value :  1.81830e-07
 Reference value :  2.58590e-07
No. of Data Rows : 15020
t_rise              =  1.37209e-08 targ=  1.15548e-07 trig=  1.01827e-07
t_fall              =  1.14327e-08 targ=  2.13760e-07 trig=  2.02327e-07
t_xr                =  1.06357e-07
t_xf                =  2.06857e-07
t_xlast             =  2.06857e-07
v_xr                =  1.43036e+00
v_xf                =  1.43021e+00
m_trise_ns = 1.3720930000e+01
m_tfall_ns = 1.1432660000e+01
m_trf_ratio = 1.2001520206e+00
m_vcross_rise = 1.4303650000e+00
m_vcross_fall = 1.4302120000e+00
m_xing_extra_ps = 0.0000000000e+00
m_dp_over_mv = 5.4726393827e-01
m_dp_under_mv = -3.963149320e-01
Note: Simulation executed from .control section 

Warning: m=xx on .subckt line will override multiplier m hierarchy!

