
Note: Compatibility modes selected: hs a


Circuit: * driver-signal-quality @ tt_-40c_3.63v -- generated by sim/harness, do not edit

Doing analysis at TEMP = -40.000000 and TNOM = 27.000000

Using SPARSE 1.3 as Direct Linear Solver

Initial Transient Solution
--------------------------

Node                                   Voltage
----                                   -------
vdd                                       3.63
txdp                                         0
txdm                                      3.63
xdrv.dp_predrv                            3.63
xdrv.dp_gate                              3.63
xdrv.xrslewdp.11                          3.63
xdrv.xrslewdp.21                          3.63
xdrv.dp_outint                      6.0779e-10
dp                                  6.0779e-10
xdrv.dm_predrv                     2.73828e-09
xdrv.dm_gate                       2.73828e-09
xdrv.xrslewdm.11                   2.73828e-09
xdrv.xrslewdm.21                   2.73828e-09
xdrv.dm_outint                            3.63
dm                                        3.63
vtxdm#branch                                 0
vtxdp#branch                                 0
vsup#branch                       -2.63901e-11

 Reference value :  3.03256e-08
 Reference value :  1.09290e-07
 Reference value :  1.82710e-07
 Reference value :  2.58530e-07
No. of Data Rows : 15020
t_rise              =  1.21951e-08 targ=  1.13822e-07 trig=  1.01627e-07
t_fall              =  1.07294e-08 targ=  2.12917e-07 trig=  2.02187e-07
t_xr                =  1.05716e-07
t_xf                =  2.06216e-07
t_xlast             =  2.06216e-07
v_xr                =  1.80193e+00
v_xf                =  1.80181e+00
m_trise_ns = 1.2195150000e+01
m_tfall_ns = 1.0729380000e+01
m_trf_ratio = 1.1366127400e+00
m_vcross_rise = 1.8019260000e+00
m_vcross_fall = 1.8018060000e+00
m_xing_extra_ps = 0.0000000000e+00
m_dp_over_mv = 5.0784139950e-01
m_dp_under_mv = -3.798532067e-01
Note: Simulation executed from .control section 

Warning: m=xx on .subckt line will override multiplier m hierarchy!

