
Note: Compatibility modes selected: hs a


Circuit: * driver-signal-quality @ tt_125c_2.97v -- generated by sim/harness, do not edit

Doing analysis at TEMP = 125.000000 and TNOM = 27.000000

Using SPARSE 1.3 as Direct Linear Solver

Initial Transient Solution
--------------------------

Node                                   Voltage
----                                   -------
vdd                                       2.97
txdp                                         0
txdm                                      2.97
xdrv.dp_predrv                            2.97
xdrv.dp_gate                              2.97
xdrv.xrslewdp.11                          2.97
xdrv.xrslewdp.21                          2.97
xdrv.dp_outint                     2.95552e-08
dp                                 2.95552e-08
xdrv.dm_predrv                     3.58457e-08
xdrv.dm_gate                       3.58457e-08
xdrv.xrslewdm.11                   3.58457e-08
xdrv.xrslewdm.21                   3.58457e-08
xdrv.dm_outint                            2.97
dm                                        2.97
vtxdm#branch                                 0
vtxdp#branch                                 0
vsup#branch                       -6.48658e-09

 Reference value :  3.19856e-08
 Reference value :  1.05630e-07
 Reference value :  1.79330e-07
 Reference value :  2.50550e-07
No. of Data Rows : 15020
t_rise              =  1.93034e-08 targ=  1.21555e-07 trig=  1.02251e-07
t_fall              =  1.67570e-08 targ=  2.19502e-07 trig=  2.02745e-07
t_xr                =  1.08258e-07
t_xf                =  2.08758e-07
t_xlast             =  2.08758e-07
v_xr                =  1.43513e+00
v_xf                =  1.43506e+00
m_trise_ns = 1.9303400000e+01
m_tfall_ns = 1.6756970000e+01
m_trf_ratio = 1.1519624371e+00
m_vcross_rise = 1.4351270000e+00
m_vcross_fall = 1.4350590000e+00
m_xing_extra_ps = 0.0000000000e+00
m_dp_over_mv = 4.0013081097e-01
m_dp_under_mv = -3.161054588e-01
Note: Simulation executed from .control section 

Warning: m=xx on .subckt line will override multiplier m hierarchy!

