
Note: Compatibility modes selected: hs a


Circuit: * driver-signal-quality @ tt_125c_3.63v -- generated by sim/harness, do not edit

Doing analysis at TEMP = 125.000000 and TNOM = 27.000000

Using SPARSE 1.3 as Direct Linear Solver

Initial Transient Solution
--------------------------

Node                                   Voltage
----                                   -------
vdd                                       3.63
txdp                                         0
txdm                                      3.63
xdrv.dp_predrv                            3.63
xdrv.dp_gate                              3.63
xdrv.xrslewdp.11                          3.63
xdrv.xrslewdp.21                          3.63
xdrv.dp_outint                     3.38561e-08
dp                                 3.38561e-08
xdrv.dm_predrv                     4.05911e-08
xdrv.dm_gate                       4.05911e-08
xdrv.xrslewdm.11                   4.05911e-08
xdrv.xrslewdm.21                   4.05911e-08
xdrv.dm_outint                            3.63
dm                                        3.63
vtxdm#branch                                 0
vtxdp#branch                                 0
vsup#branch                        -1.0187e-08

 Reference value :  3.32656e-08
 Reference value :  1.07270e-07
 Reference value :  1.81290e-07
 Reference value :  2.53010e-07
No. of Data Rows : 15020
t_rise              =  1.72461e-08 targ=  1.19246e-07 trig=  1.01999e-07
t_fall              =  1.55427e-08 targ=  2.18099e-07 trig=  2.02556e-07
t_xr                =  1.07413e-07
t_xf                =  2.07913e-07
t_xlast             =  2.07913e-07
v_xr                =  1.79146e+00
v_xf                =  1.79144e+00
m_trise_ns = 1.7246050000e+01
m_tfall_ns = 1.5542680000e+01
m_trf_ratio = 1.1095930689e+00
m_vcross_rise = 1.7914590000e+00
m_vcross_fall = 1.7914380000e+00
m_xing_extra_ps = 0.0000000000e+00
m_dp_over_mv = 3.7091310953e-01
m_dp_under_mv = -2.982004561e-01
Note: Simulation executed from .control section 

Warning: m=xx on .subckt line will override multiplier m hierarchy!

