
Note: Compatibility modes selected: hs a


Circuit: * driver-signal-quality @ tt_125c_3.30v -- generated by sim/harness, do not edit

Doing analysis at TEMP = 125.000000 and TNOM = 27.000000

Using SPARSE 1.3 as Direct Linear Solver

Initial Transient Solution
--------------------------

Node                                   Voltage
----                                   -------
vdd                                        3.3
txdp                                         0
txdm                                       3.3
xdrv.dp_predrv                             3.3
xdrv.dp_gate                               3.3
xdrv.xrslewdp.11                           3.3
xdrv.xrslewdp.21                           3.3
xdrv.dp_outint                     3.12454e-08
dp                                 3.12454e-08
xdrv.dm_predrv                     3.77272e-08
xdrv.dm_gate                       3.77272e-08
xdrv.xrslewdm.11                   3.77272e-08
xdrv.xrslewdm.21                   3.77272e-08
xdrv.dm_outint                             3.3
dm                                         3.3
vtxdm#branch                                 0
vtxdp#branch                                 0
vsup#branch                       -8.05899e-09

 Reference value :  3.28056e-08
 Reference value :  1.07670e-07
 Reference value :  1.81910e-07
 Reference value :  2.54250e-07
No. of Data Rows : 15020
t_rise              =  1.81381e-08 targ=  1.20246e-07 trig=  1.02108e-07
t_fall              =  1.60649e-08 targ=  2.18703e-07 trig=  2.02638e-07
t_xr                =  1.07777e-07
t_xf                =  2.08277e-07
t_xlast             =  2.08277e-07
v_xr                =  1.61306e+00
v_xf                =  1.61300e+00
m_trise_ns = 1.8138070000e+01
m_tfall_ns = 1.6064900000e+01
m_trf_ratio = 1.1290496673e+00
m_vcross_rise = 1.6130550000e+00
m_vcross_fall = 1.6129990000e+00
m_xing_extra_ps = 0.0000000000e+00
m_dp_over_mv = 3.8403029431e-01
m_dp_under_mv = -3.066008367e-01
Note: Simulation executed from .control section 

Warning: m=xx on .subckt line will override multiplier m hierarchy!

