
Note: Compatibility modes selected: hs a


Circuit: * driver-signal-quality @ tt_27c_3.30v -- generated by sim/harness, do not edit

Doing analysis at TEMP = 27.000000 and TNOM = 27.000000

Using SPARSE 1.3 as Direct Linear Solver

Initial Transient Solution
--------------------------

Node                                   Voltage
----                                   -------
vdd                                        3.3
txdp                                         0
txdm                                       3.3
xdrv.dp_predrv                             3.3
xdrv.dp_gate                               3.3
xdrv.xrslewdp.11                           3.3
xdrv.xrslewdp.21                           3.3
xdrv.dp_outint                     3.86758e-10
dp                                 3.86758e-10
xdrv.dm_predrv                     2.82224e-09
xdrv.dm_gate                       2.82224e-09
xdrv.xrslewdm.11                   2.82224e-09
xdrv.xrslewdm.21                   2.82224e-09
xdrv.dm_outint                             3.3
dm                                         3.3
vtxdm#branch                                 0
vtxdp#branch                                 0
vsup#branch                       -4.58068e-11

 Reference value :  2.92656e-08
 Reference value :  1.06290e-07
 Reference value :  1.82350e-07
 Reference value :  2.58450e-07
No. of Data Rows : 15020
t_rise              =  1.51252e-08 targ=  1.17010e-07 trig=  1.01885e-07
t_fall              =  1.29785e-08 targ=  2.15382e-07 trig=  2.02404e-07
t_xr                =  1.06720e-07
t_xf                =  2.07220e-07
t_xlast             =  2.07220e-07
v_xr                =  1.60212e+00
v_xf                =  1.60194e+00
m_trise_ns = 1.5125190000e+01
m_tfall_ns = 1.2978550000e+01
m_trf_ratio = 1.1653990623e+00
m_vcross_rise = 1.6021250000e+00
m_vcross_fall = 1.6019440000e+00
m_xing_extra_ps = 0.0000000000e+00
m_dp_over_mv = 4.6411301640e-01
m_dp_under_mv = -3.556685964e-01
Note: Simulation executed from .control section 

Warning: m=xx on .subckt line will override multiplier m hierarchy!

