
Note: Compatibility modes selected: hs a


Circuit: * driver-signal-quality @ tt_27c_3.63v -- generated by sim/harness, do not edit

Doing analysis at TEMP = 27.000000 and TNOM = 27.000000

Using SPARSE 1.3 as Direct Linear Solver

Initial Transient Solution
--------------------------

Node                                   Voltage
----                                   -------
vdd                                       3.63
txdp                                         0
txdm                                      3.63
xdrv.dp_predrv                            3.63
xdrv.dp_gate                              3.63
xdrv.xrslewdp.11                          3.63
xdrv.xrslewdp.21                          3.63
xdrv.dp_outint                     7.60677e-10
dp                                 7.60677e-10
xdrv.dm_predrv                     3.33587e-09
xdrv.dm_gate                       3.33587e-09
xdrv.xrslewdm.11                   3.33587e-09
xdrv.xrslewdm.21                   3.33587e-09
xdrv.dm_outint                            3.63
dm                                        3.63
vtxdm#branch                                 0
vtxdp#branch                                 0
vsup#branch                       -6.47507e-11

 Reference value :  3.07856e-08
 Reference value :  1.06710e-07
 Reference value :  1.82310e-07
 Reference value :  2.59070e-07
No. of Data Rows : 15020
t_rise              =  1.43744e-08 targ=  1.16164e-07 trig=  1.01789e-07
t_fall              =  1.26066e-08 targ=  2.14942e-07 trig=  2.02336e-07
t_xr                =  1.06412e-07
t_xf                =  2.06912e-07
t_xlast             =  2.06912e-07
v_xr                =  1.78346e+00
v_xf                =  1.78352e+00
m_trise_ns = 1.4374370000e+01
m_tfall_ns = 1.2606610000e+01
m_trf_ratio = 1.1402248503e+00
m_vcross_rise = 1.7834550000e+00
m_vcross_fall = 1.7835190000e+00
m_xing_extra_ps = 0.0000000000e+00
m_dp_over_mv = 4.5010629385e-01
m_dp_under_mv = -3.477753177e-01
Note: Simulation executed from .control section 

Warning: m=xx on .subckt line will override multiplier m hierarchy!

