
Note: Compatibility modes selected: hs a


Circuit: * driver-signal-quality @ tt_27c_2.97v -- generated by sim/harness, do not edit

Doing analysis at TEMP = 27.000000 and TNOM = 27.000000

Using SPARSE 1.3 as Direct Linear Solver

Initial Transient Solution
--------------------------

Node                                   Voltage
----                                   -------
vdd                                       2.97
txdp                                         0
txdm                                      2.97
xdrv.dp_predrv                            2.97
xdrv.dp_gate                              2.97
xdrv.xrslewdp.11                          2.97
xdrv.xrslewdp.21                          2.97
xdrv.dp_outint                     2.36508e-10
dp                                 2.36508e-10
xdrv.dm_predrv                     2.54273e-09
xdrv.dm_gate                       2.54273e-09
xdrv.xrslewdm.11                   2.54273e-09
xdrv.xrslewdm.21                   2.54273e-09
xdrv.dm_outint                            2.97
dm                                        2.97
vtxdm#branch                                 0
vtxdp#branch                                 0
vsup#branch                       -3.45285e-11

 Reference value :  2.85456e-08
 Reference value :  1.03190e-07
 Reference value :  1.80610e-07
 Reference value :  2.56550e-07
No. of Data Rows : 15020
t_rise              =  1.61354e-08 targ=  1.18149e-07 trig=  1.02014e-07
t_fall              =  1.34887e-08 targ=  2.15984e-07 trig=  2.02496e-07
t_xr                =  1.07136e-07
t_xf                =  2.07636e-07
t_xlast             =  2.07636e-07
v_xr                =  1.42044e+00
v_xf                =  1.42053e+00
m_trise_ns = 1.6135390000e+01
m_tfall_ns = 1.3488750000e+01
m_trf_ratio = 1.1962109165e+00
m_vcross_rise = 1.4204420000e+00
m_vcross_fall = 1.4205320000e+00
m_xing_extra_ps = 0.0000000000e+00
m_dp_over_mv = 4.8818621265e-01
m_dp_under_mv = -3.620698027e-01
Note: Simulation executed from .control section 

Warning: m=xx on .subckt line will override multiplier m hierarchy!

